Gnuplot not found, using plotters backend
Benchmarking token_bucket/contention_success/virtual_time_gcra/1
Benchmarking token_bucket/contention_success/virtual_time_gcra/1: Warming up for 3.0000 s
Benchmarking token_bucket/contention_success/virtual_time_gcra/1: Collecting 30 samples in estimated 2.0000 s (186M iterations)
Benchmarking token_bucket/contention_success/virtual_time_gcra/1: Analyzing
token_bucket/contention_success/virtual_time_gcra/1
                        time:   [10.728 ns 10.741 ns 10.758 ns]

Gnuplot not found, using plotters backend
Benchmarking token_bucket/contention_success/virtual_time_gcra/1
Benchmarking token_bucket/contention_success/virtual_time_gcra/1: Warming up for 3.0000 s
Benchmarking token_bucket/contention_success/virtual_time_gcra/1: Collecting 30 samples in estimated 2.0000 s (186M iterations)
Benchmarking token_bucket/contention_success/virtual_time_gcra/1: Analyzing
token_bucket/contention_success/virtual_time_gcra/1
                        time:   [10.818 ns 10.823 ns 10.830 ns]
Found 2 outliers among 30 measurements (6.67%)
  2 (6.67%) high severe

Gnuplot not found, using plotters backend
Benchmarking token_bucket/contention_success/virtual_time_gcra/1
Benchmarking token_bucket/contention_success/virtual_time_gcra/1: Warming up for 3.0000 s
Benchmarking token_bucket/contention_success/virtual_time_gcra/1: Collecting 30 samples in estimated 2.0000 s (185M iterations)
Benchmarking token_bucket/contention_success/virtual_time_gcra/1: Analyzing
token_bucket/contention_success/virtual_time_gcra/1
                        time:   [10.802 ns 10.821 ns 10.834 ns]


 Performance counter stats for '/root/praxis-rate-bench/target/release/deps/token_bucket-187be60bb64c998d --bench --noplot --sample-size 30 --measurement-time 2 --warm-up-time 3 --discard-baseline --exact token_bucket/contention_success/virtual_time_gcra/1' (3 runs):

         15,729.40 msec task-clock                                                              ( +-  0.06% )
    59,966,101,611      cycles                                                                  ( +-  0.02% )
    51,164,449,171      instructions                                                            ( +-  0.01% )
     5,843,137,083      branches                                                                ( +-  0.01% )
         9,940,622      branch-misses                                                           ( +-  0.25% )
            32,423      cache-misses                                                            ( +- 19.80% )

       7.870208736 +- 0.005121217 seconds time elapsed  ( +-  0.07% )\n