Gnuplot not found, using plotters backend
Benchmarking token_bucket/contention_success/mutex/1
Benchmarking token_bucket/contention_success/mutex/1: Warming up for 3.0000 s
Benchmarking token_bucket/contention_success/mutex/1: Collecting 30 samples in estimated 2.0000 s (138M iterations)
Benchmarking token_bucket/contention_success/mutex/1: Analyzing
token_bucket/contention_success/mutex/1
                        time:   [14.467 ns 14.478 ns 14.492 ns]
Found 1 outliers among 30 measurements (3.33%)
  1 (3.33%) high mild

Gnuplot not found, using plotters backend
Benchmarking token_bucket/contention_success/mutex/1
Benchmarking token_bucket/contention_success/mutex/1: Warming up for 3.0000 s
Benchmarking token_bucket/contention_success/mutex/1: Collecting 30 samples in estimated 2.0000 s (139M iterations)
Benchmarking token_bucket/contention_success/mutex/1: Analyzing
token_bucket/contention_success/mutex/1
                        time:   [14.423 ns 14.453 ns 14.481 ns]

Gnuplot not found, using plotters backend
Benchmarking token_bucket/contention_success/mutex/1
Benchmarking token_bucket/contention_success/mutex/1: Warming up for 3.0000 s
Benchmarking token_bucket/contention_success/mutex/1: Collecting 30 samples in estimated 2.0000 s (139M iterations)
Benchmarking token_bucket/contention_success/mutex/1: Analyzing
token_bucket/contention_success/mutex/1
                        time:   [14.380 ns 14.415 ns 14.449 ns]
Found 1 outliers among 30 measurements (3.33%)
  1 (3.33%) low mild


 Performance counter stats for '/root/praxis-rate-bench/target/release/deps/token_bucket-187be60bb64c998d --bench --noplot --sample-size 30 --measurement-time 2 --warm-up-time 3 --discard-baseline --exact token_bucket/contention_success/mutex/1' (3 runs):

         11,902.12 msec task-clock                                                              ( +-  0.13% )
    45,451,287,742      cycles                                                                  ( +-  0.09% )
    35,809,084,055      instructions                                                            ( +-  0.09% )
     4,289,920,926      branches                                                                ( +-  0.09% )
         9,903,186      branch-misses                                                           ( +-  0.06% )
            47,790      cache-misses                                                            ( +- 34.47% )

       5.957579970 +- 0.008929772 seconds time elapsed  ( +-  0.15% )\n