Gnuplot not found, using plotters backend
Benchmarking token_bucket/contention_success/split_atomics/16
Benchmarking token_bucket/contention_success/split_atomics/16: Warming up for 3.0000 s
Benchmarking token_bucket/contention_success/split_atomics/16: Collecting 30 samples in estimated 2.0001 s (6.1M iterations)
Benchmarking token_bucket/contention_success/split_atomics/16: Analyzing
token_bucket/contention_success/split_atomics/16
                        time:   [315.31 ns 319.98 ns 323.97 ns]
Found 3 outliers among 30 measurements (10.00%)
  3 (10.00%) low mild

Gnuplot not found, using plotters backend
Benchmarking token_bucket/contention_success/split_atomics/16
Benchmarking token_bucket/contention_success/split_atomics/16: Warming up for 3.0000 s
Benchmarking token_bucket/contention_success/split_atomics/16: Collecting 30 samples in estimated 2.0000 s (6.2M iterations)
Benchmarking token_bucket/contention_success/split_atomics/16: Analyzing
token_bucket/contention_success/split_atomics/16
                        time:   [319.33 ns 322.77 ns 325.93 ns]

Gnuplot not found, using plotters backend
Benchmarking token_bucket/contention_success/split_atomics/16
Benchmarking token_bucket/contention_success/split_atomics/16: Warming up for 3.0000 s
Benchmarking token_bucket/contention_success/split_atomics/16: Collecting 30 samples in estimated 2.0001 s (6.5M iterations)
Benchmarking token_bucket/contention_success/split_atomics/16: Analyzing
token_bucket/contention_success/split_atomics/16
                        time:   [311.60 ns 316.18 ns 320.20 ns]
Found 1 outliers among 30 measurements (3.33%)
  1 (3.33%) low mild


 Performance counter stats for '/root/praxis-rate-bench/target/release/deps/token_bucket-187be60bb64c998d --bench --noplot --sample-size 30 --measurement-time 2 --warm-up-time 3 --discard-baseline --exact token_bucket/contention_success/split_atomics/16' (3 runs):

        124,827.42 msec task-clock                                                              ( +-  0.98% )
   360,824,646,791      cycles                                                                  ( +-  0.97% )
     6,236,611,595      instructions                                                            ( +-  0.38% )
     1,208,984,397      branches                                                                ( +-  0.37% )
        47,681,263      branch-misses                                                           ( +-  0.59% )
           277,177      cache-misses                                                            ( +-  4.72% )

       7.388700542 +- 0.067708307 seconds time elapsed  ( +-  0.92% )\n