Gnuplot not found, using plotters backend
Benchmarking token_bucket/contention_success/mutex/16
Benchmarking token_bucket/contention_success/mutex/16: Warming up for 3.0000 s
Benchmarking token_bucket/contention_success/mutex/16: Collecting 30 samples in estimated 2.0000 s (2.9M iterations)
Benchmarking token_bucket/contention_success/mutex/16: Analyzing
token_bucket/contention_success/mutex/16
                        time:   [665.55 ns 677.70 ns 695.40 ns]
Found 4 outliers among 30 measurements (13.33%)
  2 (6.67%) low mild
  1 (3.33%) high mild
  1 (3.33%) high severe

Gnuplot not found, using plotters backend
Benchmarking token_bucket/contention_success/mutex/16
Benchmarking token_bucket/contention_success/mutex/16: Warming up for 3.0000 s
Benchmarking token_bucket/contention_success/mutex/16: Collecting 30 samples in estimated 2.0000 s (2.6M iterations)
Benchmarking token_bucket/contention_success/mutex/16: Analyzing
token_bucket/contention_success/mutex/16
                        time:   [672.74 ns 688.35 ns 705.39 ns]
Found 3 outliers among 30 measurements (10.00%)
  1 (3.33%) low severe
  2 (6.67%) high mild

Gnuplot not found, using plotters backend
Benchmarking token_bucket/contention_success/mutex/16
Benchmarking token_bucket/contention_success/mutex/16: Warming up for 3.0000 s
Benchmarking token_bucket/contention_success/mutex/16: Collecting 30 samples in estimated 2.0001 s (3.0M iterations)
Benchmarking token_bucket/contention_success/mutex/16: Analyzing
token_bucket/contention_success/mutex/16
                        time:   [668.63 ns 677.49 ns 685.81 ns]
Found 2 outliers among 30 measurements (6.67%)
  1 (3.33%) low severe
  1 (3.33%) low mild


 Performance counter stats for '/root/praxis-rate-bench/target/release/deps/token_bucket-187be60bb64c998d --bench --noplot --sample-size 30 --measurement-time 2 --warm-up-time 3 --discard-baseline --exact token_bucket/contention_success/mutex/16' (3 runs):

         63,133.20 msec task-clock                                                              ( +- 13.68% )
   139,876,202,548      cycles                                                                  ( +- 14.59% )
    78,357,619,457      instructions                                                            ( +- 13.57% )
    19,166,783,006      branches                                                                ( +- 13.80% )
       157,800,938      branch-misses                                                           ( +- 12.52% )
           277,189      cache-misses                                                            ( +-  4.90% )

       6.830183749 +- 0.902575073 seconds time elapsed  ( +- 13.21% )\n