warning: this lint expectation is unfulfilled
  --> crates/filter/src/builtins/http/traffic_management/router/json_alias.rs:50:14
   |
50 |     #[expect(dead_code, reason = "cluster selection is validated before body aliasing is wired")]
   |              ^^^^^^^^^
   |
   = note: cluster selection is validated before body aliasing is wired
   = note: `#[warn(unfulfilled_lint_expectations)]` on by default

warning: `praxis-proxy-filter` (lib) generated 1 warning
    Finished `bench` profile [optimized] target(s) in 0.17s
     Running benches/token_bucket.rs (praxis-rate-bench/target/release/deps/token_bucket-e61832f011ce306a)
Gnuplot not found, using plotters backend
Benchmarking token_bucket/acquire_success/mutex
Benchmarking token_bucket/acquire_success/mutex: Warming up for 3.0000 s
Benchmarking token_bucket/acquire_success/mutex: Collecting 30 samples in estimated 2.0000 s (144M iterations)
Benchmarking token_bucket/acquire_success/mutex: Analyzing
token_bucket/acquire_success/mutex
                        time:   [13.811 ns 13.822 ns 13.836 ns]
Found 4 outliers among 30 measurements (13.33%)
  2 (6.67%) high mild
  2 (6.67%) high severe
Benchmarking token_bucket/acquire_success/split_atomics
Benchmarking token_bucket/acquire_success/split_atomics: Warming up for 3.0000 s
Benchmarking token_bucket/acquire_success/split_atomics: Collecting 30 samples in estimated 2.0000 s (139M iterations)
Benchmarking token_bucket/acquire_success/split_atomics: Analyzing
token_bucket/acquire_success/split_atomics
                        time:   [14.325 ns 14.340 ns 14.368 ns]
Found 2 outliers among 30 measurements (6.67%)
  2 (6.67%) high severe
Benchmarking token_bucket/acquire_success/virtual_time_gcra
Benchmarking token_bucket/acquire_success/virtual_time_gcra: Warming up for 3.0000 s
Benchmarking token_bucket/acquire_success/virtual_time_gcra: Collecting 30 samples in estimated 2.0000 s (189M iterations)
Benchmarking token_bucket/acquire_success/virtual_time_gcra: Analyzing
token_bucket/acquire_success/virtual_time_gcra
                        time:   [10.570 ns 10.579 ns 10.595 ns]
Found 3 outliers among 30 measurements (10.00%)
  1 (3.33%) high mild
  2 (6.67%) high severe
Benchmarking token_bucket/acquire_success/mutex_refill
Benchmarking token_bucket/acquire_success/mutex_refill: Warming up for 3.0000 s
Benchmarking token_bucket/acquire_success/mutex_refill: Collecting 30 samples in estimated 2.0000 s (140M iterations)
Benchmarking token_bucket/acquire_success/mutex_refill: Analyzing
token_bucket/acquire_success/mutex_refill
                        time:   [14.310 ns 14.326 ns 14.350 ns]
Found 5 outliers among 30 measurements (16.67%)
  2 (6.67%) high mild
  3 (10.00%) high severe
Benchmarking token_bucket/acquire_success/split_atomics_refill
Benchmarking token_bucket/acquire_success/split_atomics_refill: Warming up for 3.0000 s
Benchmarking token_bucket/acquire_success/split_atomics_refill: Collecting 30 samples in estimated 2.0000 s (67M iterations)
Benchmarking token_bucket/acquire_success/split_atomics_refill: Analyzing
token_bucket/acquire_success/split_atomics_refill
                        time:   [29.784 ns 29.816 ns 29.863 ns]
Found 2 outliers among 30 measurements (6.67%)
  2 (6.67%) high severe
Benchmarking token_bucket/acquire_success/virtual_time_gcra_refill
Benchmarking token_bucket/acquire_success/virtual_time_gcra_refill: Warming up for 3.0000 s
Benchmarking token_bucket/acquire_success/virtual_time_gcra_refill: Collecting 30 samples in estimated 2.0000 s (189M iterations)
Benchmarking token_bucket/acquire_success/virtual_time_gcra_refill: Analyzing
token_bucket/acquire_success/virtual_time_gcra_refill
                        time:   [10.574 ns 10.583 ns 10.596 ns]
Found 3 outliers among 30 measurements (10.00%)
  1 (3.33%) high mild
  2 (6.67%) high severe

Benchmarking token_bucket/acquire_rejection/mutex
Benchmarking token_bucket/acquire_rejection/mutex: Warming up for 3.0000 s
Benchmarking token_bucket/acquire_rejection/mutex: Collecting 30 samples in estimated 2.0000 s (153M iterations)
Benchmarking token_bucket/acquire_rejection/mutex: Analyzing
token_bucket/acquire_rejection/mutex
                        time:   [13.051 ns 13.066 ns 13.089 ns]
Found 4 outliers among 30 measurements (13.33%)
  1 (3.33%) high mild
  3 (10.00%) high severe
Benchmarking token_bucket/acquire_rejection/split_atomics
Benchmarking token_bucket/acquire_rejection/split_atomics: Warming up for 3.0000 s
Benchmarking token_bucket/acquire_rejection/split_atomics: Collecting 30 samples in estimated 2.0000 s (796M iterations)
Benchmarking token_bucket/acquire_rejection/split_atomics: Analyzing
token_bucket/acquire_rejection/split_atomics
                        time:   [2.5105 ns 2.5114 ns 2.5124 ns]
Found 2 outliers among 30 measurements (6.67%)
  1 (3.33%) high mild
  1 (3.33%) high severe
Benchmarking token_bucket/acquire_rejection/virtual_time_gcra
Benchmarking token_bucket/acquire_rejection/virtual_time_gcra: Warming up for 3.0000 s
Benchmarking token_bucket/acquire_rejection/virtual_time_gcra: Collecting 30 samples in estimated 2.0000 s (881M iterations)
Benchmarking token_bucket/acquire_rejection/virtual_time_gcra: Analyzing
token_bucket/acquire_rejection/virtual_time_gcra
                        time:   [2.2689 ns 2.2728 ns 2.2770 ns]
Found 1 outliers among 30 measurements (3.33%)
  1 (3.33%) high mild

Benchmarking token_bucket/introspection/mutex
Benchmarking token_bucket/introspection/mutex: Warming up for 3.0000 s
Benchmarking token_bucket/introspection/mutex: Collecting 30 samples in estimated 2.0000 s (162M iterations)
Benchmarking token_bucket/introspection/mutex: Analyzing
token_bucket/introspection/mutex
                        time:   [12.302 ns 12.306 ns 12.312 ns]
Found 3 outliers among 30 measurements (10.00%)
  2 (6.67%) high mild
  1 (3.33%) high severe
Benchmarking token_bucket/introspection/split_atomics
Benchmarking token_bucket/introspection/split_atomics: Warming up for 3.0000 s
Benchmarking token_bucket/introspection/split_atomics: Collecting 30 samples in estimated 2.0000 s (181M iterations)
Benchmarking token_bucket/introspection/split_atomics: Analyzing
token_bucket/introspection/split_atomics
                        time:   [11.046 ns 11.050 ns 11.055 ns]
Found 2 outliers among 30 measurements (6.67%)
  2 (6.67%) high severe

Benchmarking token_bucket/contention_success/mutex/1
Benchmarking token_bucket/contention_success/mutex/1: Warming up for 3.0000 s
Benchmarking token_bucket/contention_success/mutex/1: Collecting 30 samples in estimated 2.0000 s (144M iterations)
Benchmarking token_bucket/contention_success/mutex/1: Analyzing
token_bucket/contention_success/mutex/1
                        time:   [14.549 ns 14.756 ns 15.009 ns]
Found 2 outliers among 30 measurements (6.67%)
  1 (3.33%) high mild
  1 (3.33%) high severe
Benchmarking token_bucket/contention_success/split_atomics/1
Benchmarking token_bucket/contention_success/split_atomics/1: Warming up for 3.0000 s
Benchmarking token_bucket/contention_success/split_atomics/1: Collecting 30 samples in estimated 2.0000 s (65M iterations)
Benchmarking token_bucket/contention_success/split_atomics/1: Analyzing
token_bucket/contention_success/split_atomics/1
                        time:   [32.334 ns 33.034 ns 33.758 ns]
Found 4 outliers among 30 measurements (13.33%)
  1 (3.33%) high mild
  3 (10.00%) high severe
Benchmarking token_bucket/contention_success/virtual_time_gcra/1
Benchmarking token_bucket/contention_success/virtual_time_gcra/1: Warming up for 3.0000 s
Benchmarking token_bucket/contention_success/virtual_time_gcra/1: Collecting 30 samples in estimated 2.0000 s (195M iterations)
Benchmarking token_bucket/contention_success/virtual_time_gcra/1: Analyzing
token_bucket/contention_success/virtual_time_gcra/1
                        time:   [10.928 ns 11.105 ns 11.364 ns]
Found 1 outliers among 30 measurements (3.33%)
  1 (3.33%) high severe
Benchmarking token_bucket/contention_success/mutex/2
Benchmarking token_bucket/contention_success/mutex/2: Warming up for 3.0000 s
Benchmarking token_bucket/contention_success/mutex/2: Collecting 30 samples in estimated 2.0000 s (65M iterations)
Benchmarking token_bucket/contention_success/mutex/2: Analyzing
token_bucket/contention_success/mutex/2
                        time:   [30.944 ns 31.494 ns 32.079 ns]
Found 2 outliers among 30 measurements (6.67%)
  1 (3.33%) high mild
  1 (3.33%) high severe
Benchmarking token_bucket/contention_success/split_atomics/2
Benchmarking token_bucket/contention_success/split_atomics/2: Warming up for 3.0000 s
Benchmarking token_bucket/contention_success/split_atomics/2: Collecting 30 samples in estimated 2.0000 s (15M iterations)
Benchmarking token_bucket/contention_success/split_atomics/2: Analyzing
token_bucket/contention_success/split_atomics/2
                        time:   [133.45 ns 135.67 ns 138.49 ns]
Found 2 outliers among 30 measurements (6.67%)
  2 (6.67%) high severe
Benchmarking token_bucket/contention_success/virtual_time_gcra/2
Benchmarking token_bucket/contention_success/virtual_time_gcra/2: Warming up for 3.0000 s
Benchmarking token_bucket/contention_success/virtual_time_gcra/2: Collecting 30 samples in estimated 2.0000 s (30M iterations)
Benchmarking token_bucket/contention_success/virtual_time_gcra/2: Analyzing
token_bucket/contention_success/virtual_time_gcra/2
                        time:   [69.699 ns 72.920 ns 76.368 ns]
Found 1 outliers among 30 measurements (3.33%)
  1 (3.33%) high severe
Benchmarking token_bucket/contention_success/mutex/4
Benchmarking token_bucket/contention_success/mutex/4: Warming up for 3.0000 s
Benchmarking token_bucket/contention_success/mutex/4: Collecting 30 samples in estimated 2.0000 s (22M iterations)
Benchmarking token_bucket/contention_success/mutex/4: Analyzing
token_bucket/contention_success/mutex/4
                        time:   [82.473 ns 89.073 ns 95.384 ns]
Benchmarking token_bucket/contention_success/split_atomics/4
Benchmarking token_bucket/contention_success/split_atomics/4: Warming up for 3.0000 s
Benchmarking token_bucket/contention_success/split_atomics/4: Collecting 30 samples in estimated 2.0000 s (12M iterations)
Benchmarking token_bucket/contention_success/split_atomics/4: Analyzing
token_bucket/contention_success/split_atomics/4
                        time:   [176.58 ns 178.73 ns 181.37 ns]
Found 3 outliers among 30 measurements (10.00%)
  2 (6.67%) high mild
  1 (3.33%) high severe
Benchmarking token_bucket/contention_success/virtual_time_gcra/4
Benchmarking token_bucket/contention_success/virtual_time_gcra/4: Warming up for 3.0000 s
Benchmarking token_bucket/contention_success/virtual_time_gcra/4: Collecting 30 samples in estimated 2.0000 s (20M iterations)
Benchmarking token_bucket/contention_success/virtual_time_gcra/4: Analyzing
token_bucket/contention_success/virtual_time_gcra/4
                        time:   [92.253 ns 95.445 ns 98.717 ns]
Found 2 outliers among 30 measurements (6.67%)
  2 (6.67%) high severe
Benchmarking token_bucket/contention_success/mutex/8
Benchmarking token_bucket/contention_success/mutex/8: Warming up for 3.0000 s
Benchmarking token_bucket/contention_success/mutex/8: Collecting 30 samples in estimated 2.0001 s (8.3M iterations)
Benchmarking token_bucket/contention_success/mutex/8: Analyzing
token_bucket/contention_success/mutex/8
                        time:   [233.66 ns 243.49 ns 253.96 ns]
Found 1 outliers among 30 measurements (3.33%)
  1 (3.33%) low mild
Benchmarking token_bucket/contention_success/split_atomics/8
Benchmarking token_bucket/contention_success/split_atomics/8: Warming up for 3.0000 s
Benchmarking token_bucket/contention_success/split_atomics/8: Collecting 30 samples in estimated 2.0001 s (9.9M iterations)
Benchmarking token_bucket/contention_success/split_atomics/8: Analyzing
token_bucket/contention_success/split_atomics/8
                        time:   [211.33 ns 216.65 ns 222.11 ns]
Found 1 outliers among 30 measurements (3.33%)
  1 (3.33%) high mild
Benchmarking token_bucket/contention_success/virtual_time_gcra/8
Benchmarking token_bucket/contention_success/virtual_time_gcra/8: Warming up for 3.0000 s
Benchmarking token_bucket/contention_success/virtual_time_gcra/8: Collecting 30 samples in estimated 2.0000 s (8.6M iterations)
Benchmarking token_bucket/contention_success/virtual_time_gcra/8: Analyzing
token_bucket/contention_success/virtual_time_gcra/8
                        time:   [220.14 ns 250.14 ns 280.84 ns]
Benchmarking token_bucket/contention_success/mutex/16
Benchmarking token_bucket/contention_success/mutex/16: Warming up for 3.0000 s
Benchmarking token_bucket/contention_success/mutex/16: Collecting 30 samples in estimated 2.0001 s (2.4M iterations)
Benchmarking token_bucket/contention_success/mutex/16: Analyzing
token_bucket/contention_success/mutex/16
                        time:   [812.15 ns 821.97 ns 832.28 ns]
Found 3 outliers among 30 measurements (10.00%)
  2 (6.67%) low severe
  1 (3.33%) high mild
Benchmarking token_bucket/contention_success/split_atomics/16
Benchmarking token_bucket/contention_success/split_atomics/16: Warming up for 3.0000 s
Benchmarking token_bucket/contention_success/split_atomics/16: Collecting 30 samples in estimated 2.0001 s (6.3M iterations)
Benchmarking token_bucket/contention_success/split_atomics/16: Analyzing
token_bucket/contention_success/split_atomics/16
                        time:   [321.90 ns 325.00 ns 328.36 ns]
Found 3 outliers among 30 measurements (10.00%)
  1 (3.33%) low severe
  1 (3.33%) low mild
  1 (3.33%) high mild
Benchmarking token_bucket/contention_success/virtual_time_gcra/16
Benchmarking token_bucket/contention_success/virtual_time_gcra/16: Warming up for 3.0000 s
Benchmarking token_bucket/contention_success/virtual_time_gcra/16: Collecting 30 samples in estimated 2.0001 s (6.4M iterations)
Benchmarking token_bucket/contention_success/virtual_time_gcra/16: Analyzing
token_bucket/contention_success/virtual_time_gcra/16
                        time:   [312.86 ns 316.69 ns 320.26 ns]
Found 1 outliers among 30 measurements (3.33%)
  1 (3.33%) low severe

Benchmarking token_bucket/contention_rejection/mutex/1
Benchmarking token_bucket/contention_rejection/mutex/1: Warming up for 3.0000 s
Benchmarking token_bucket/contention_rejection/mutex/1: Collecting 30 samples in estimated 2.0000 s (145M iterations)
Benchmarking token_bucket/contention_rejection/mutex/1: Analyzing
token_bucket/contention_rejection/mutex/1
                        time:   [14.603 ns 14.901 ns 15.252 ns]
Found 3 outliers among 30 measurements (10.00%)
  3 (10.00%) high severe
Benchmarking token_bucket/contention_rejection/split_atomics/1
Benchmarking token_bucket/contention_rejection/split_atomics/1: Warming up for 3.0000 s
Benchmarking token_bucket/contention_rejection/split_atomics/1: Collecting 30 samples in estimated 2.0000 s (337M iterations)
Benchmarking token_bucket/contention_rejection/split_atomics/1: Analyzing
token_bucket/contention_rejection/split_atomics/1
                        time:   [6.1177 ns 6.2153 ns 6.3287 ns]
Found 3 outliers among 30 measurements (10.00%)
  2 (6.67%) high mild
  1 (3.33%) high severe
Benchmarking token_bucket/contention_rejection/virtual_time_gcra/1
Benchmarking token_bucket/contention_rejection/virtual_time_gcra/1: Warming up for 3.0000 s
Benchmarking token_bucket/contention_rejection/virtual_time_gcra/1: Collecting 30 samples in estimated 2.0000 s (704M iterations)
Benchmarking token_bucket/contention_rejection/virtual_time_gcra/1: Analyzing
token_bucket/contention_rejection/virtual_time_gcra/1
                        time:   [2.9991 ns 3.0381 ns 3.0905 ns]
Found 3 outliers among 30 measurements (10.00%)
  2 (6.67%) high mild
  1 (3.33%) high severe
Benchmarking token_bucket/contention_rejection/mutex/2
Benchmarking token_bucket/contention_rejection/mutex/2: Warming up for 3.0000 s
Benchmarking token_bucket/contention_rejection/mutex/2: Collecting 30 samples in estimated 2.0000 s (43M iterations)
Benchmarking token_bucket/contention_rejection/mutex/2: Analyzing
token_bucket/contention_rejection/mutex/2
                        time:   [45.335 ns 46.242 ns 47.194 ns]
Found 3 outliers among 30 measurements (10.00%)
  1 (3.33%) high mild
  2 (6.67%) high severe
Benchmarking token_bucket/contention_rejection/split_atomics/2
Benchmarking token_bucket/contention_rejection/split_atomics/2: Warming up for 3.0000 s
Benchmarking token_bucket/contention_rejection/split_atomics/2: Collecting 30 samples in estimated 2.0000 s (634M iterations)
Benchmarking token_bucket/contention_rejection/split_atomics/2: Analyzing
token_bucket/contention_rejection/split_atomics/2
                        time:   [3.2768 ns 3.3317 ns 3.4075 ns]
Found 2 outliers among 30 measurements (6.67%)
  2 (6.67%) high severe
Benchmarking token_bucket/contention_rejection/virtual_time_gcra/2
Benchmarking token_bucket/contention_rejection/virtual_time_gcra/2: Warming up for 3.0000 s
Benchmarking token_bucket/contention_rejection/virtual_time_gcra/2: Collecting 30 samples in estimated 2.0000 s (1.3B iterations)
Benchmarking token_bucket/contention_rejection/virtual_time_gcra/2: Analyzing
token_bucket/contention_rejection/virtual_time_gcra/2
                        time:   [1.5753 ns 1.6099 ns 1.6499 ns]
Found 2 outliers among 30 measurements (6.67%)
  2 (6.67%) high severe
Benchmarking token_bucket/contention_rejection/mutex/4
Benchmarking token_bucket/contention_rejection/mutex/4: Warming up for 3.0000 s
Benchmarking token_bucket/contention_rejection/mutex/4: Collecting 30 samples in estimated 2.0000 s (23M iterations)
Benchmarking token_bucket/contention_rejection/mutex/4: Analyzing
token_bucket/contention_rejection/mutex/4
                        time:   [84.209 ns 85.543 ns 86.788 ns]
Found 4 outliers among 30 measurements (13.33%)
  2 (6.67%) low mild
  1 (3.33%) high mild
  1 (3.33%) high severe
Benchmarking token_bucket/contention_rejection/split_atomics/4
Benchmarking token_bucket/contention_rejection/split_atomics/4: Warming up for 3.0000 s
Benchmarking token_bucket/contention_rejection/split_atomics/4: Collecting 30 samples in estimated 2.0000 s (1.2B iterations)
Benchmarking token_bucket/contention_rejection/split_atomics/4: Analyzing
token_bucket/contention_rejection/split_atomics/4
                        time:   [1.7125 ns 1.7533 ns 1.8006 ns]
Found 2 outliers among 30 measurements (6.67%)
  1 (3.33%) high mild
  1 (3.33%) high severe
Benchmarking token_bucket/contention_rejection/virtual_time_gcra/4
Benchmarking token_bucket/contention_rejection/virtual_time_gcra/4: Warming up for 3.0000 s
Benchmarking token_bucket/contention_rejection/virtual_time_gcra/4: Collecting 30 samples in estimated 2.0000 s (2.6B iterations)
Benchmarking token_bucket/contention_rejection/virtual_time_gcra/4: Analyzing
token_bucket/contention_rejection/virtual_time_gcra/4
                        time:   [808.38 ps 824.24 ps 843.24 ps]
Found 2 outliers among 30 measurements (6.67%)
  2 (6.67%) high severe
Benchmarking token_bucket/contention_rejection/mutex/8
Benchmarking token_bucket/contention_rejection/mutex/8: Warming up for 3.0000 s
Benchmarking token_bucket/contention_rejection/mutex/8: Collecting 30 samples in estimated 2.0001 s (8.2M iterations)
Benchmarking token_bucket/contention_rejection/mutex/8: Analyzing
token_bucket/contention_rejection/mutex/8
                        time:   [226.92 ns 230.28 ns 233.72 ns]
Found 1 outliers among 30 measurements (3.33%)
  1 (3.33%) low severe
Benchmarking token_bucket/contention_rejection/split_atomics/8
Benchmarking token_bucket/contention_rejection/split_atomics/8: Warming up for 3.0000 s
Benchmarking token_bucket/contention_rejection/split_atomics/8: Collecting 30 samples in estimated 2.0000 s (2.3B iterations)
Benchmarking token_bucket/contention_rejection/split_atomics/8: Analyzing
token_bucket/contention_rejection/split_atomics/8
                        time:   [912.02 ps 935.02 ps 961.69 ps]
Found 4 outliers among 30 measurements (13.33%)
  2 (6.67%) high mild
  2 (6.67%) high severe
Benchmarking token_bucket/contention_rejection/virtual_time_gcra/8
Benchmarking token_bucket/contention_rejection/virtual_time_gcra/8: Warming up for 3.0000 s
Benchmarking token_bucket/contention_rejection/virtual_time_gcra/8: Collecting 30 samples in estimated 2.0000 s (5.1B iterations)
Benchmarking token_bucket/contention_rejection/virtual_time_gcra/8: Analyzing
token_bucket/contention_rejection/virtual_time_gcra/8
                        time:   [438.07 ps 444.74 ps 454.91 ps]
Found 2 outliers among 30 measurements (6.67%)
  2 (6.67%) high severe
Benchmarking token_bucket/contention_rejection/mutex/16
Benchmarking token_bucket/contention_rejection/mutex/16: Warming up for 3.0000 s
Benchmarking token_bucket/contention_rejection/mutex/16: Collecting 30 samples in estimated 2.0003 s (2.5M iterations)
Benchmarking token_bucket/contention_rejection/mutex/16: Analyzing
token_bucket/contention_rejection/mutex/16
                        time:   [799.23 ns 805.10 ns 811.78 ns]
Found 3 outliers among 30 measurements (10.00%)
  3 (10.00%) low severe
Benchmarking token_bucket/contention_rejection/split_atomics/16
Benchmarking token_bucket/contention_rejection/split_atomics/16: Warming up for 3.0000 s
Benchmarking token_bucket/contention_rejection/split_atomics/16: Collecting 30 samples in estimated 2.0000 s (4.0B iterations)
Benchmarking token_bucket/contention_rejection/split_atomics/16: Analyzing
token_bucket/contention_rejection/split_atomics/16
                        time:   [524.21 ps 540.42 ps 560.20 ps]
Found 1 outliers among 30 measurements (3.33%)
  1 (3.33%) high severe
Benchmarking token_bucket/contention_rejection/virtual_time_gcra/16
Benchmarking token_bucket/contention_rejection/virtual_time_gcra/16: Warming up for 3.0000 s
Benchmarking token_bucket/contention_rejection/virtual_time_gcra/16: Collecting 30 samples in estimated 2.0000 s (8.7B iterations)
Benchmarking token_bucket/contention_rejection/virtual_time_gcra/16: Analyzing
token_bucket/contention_rejection/virtual_time_gcra/16
                        time:   [247.76 ps 253.52 ps 260.89 ps]
Found 2 outliers among 30 measurements (6.67%)
  1 (3.33%) high mild
  1 (3.33%) high severe\n