warning: this lint expectation is unfulfilled
  --> crates/filter/src/builtins/http/traffic_management/router/json_alias.rs:50:14
   |
50 |     #[expect(dead_code, reason = "cluster selection is validated before body aliasing is wired")]
   |              ^^^^^^^^^
   |
   = note: cluster selection is validated before body aliasing is wired
   = note: `#[warn(unfulfilled_lint_expectations)]` on by default

warning: `praxis-proxy-filter` (lib) generated 1 warning
    Finished `bench` profile [optimized] target(s) in 0.17s
     Running benches/token_bucket.rs (praxis-rate-bench/target/release/deps/token_bucket-e61832f011ce306a)
Gnuplot not found, using plotters backend
Benchmarking token_bucket/acquire_success/mutex
Benchmarking token_bucket/acquire_success/mutex: Warming up for 3.0000 s
Benchmarking token_bucket/acquire_success/mutex: Collecting 30 samples in estimated 2.0000 s (144M iterations)
Benchmarking token_bucket/acquire_success/mutex: Analyzing
token_bucket/acquire_success/mutex
                        time:   [13.812 ns 13.826 ns 13.851 ns]
Found 2 outliers among 30 measurements (6.67%)
  2 (6.67%) high severe
Benchmarking token_bucket/acquire_success/split_atomics
Benchmarking token_bucket/acquire_success/split_atomics: Warming up for 3.0000 s
Benchmarking token_bucket/acquire_success/split_atomics: Collecting 30 samples in estimated 2.0000 s (139M iterations)
Benchmarking token_bucket/acquire_success/split_atomics: Analyzing
token_bucket/acquire_success/split_atomics
                        time:   [14.327 ns 14.335 ns 14.342 ns]
Found 1 outliers among 30 measurements (3.33%)
  1 (3.33%) high severe
Benchmarking token_bucket/acquire_success/virtual_time_gcra
Benchmarking token_bucket/acquire_success/virtual_time_gcra: Warming up for 3.0000 s
Benchmarking token_bucket/acquire_success/virtual_time_gcra: Collecting 30 samples in estimated 2.0000 s (189M iterations)
Benchmarking token_bucket/acquire_success/virtual_time_gcra: Analyzing
token_bucket/acquire_success/virtual_time_gcra
                        time:   [10.578 ns 10.586 ns 10.596 ns]
Found 3 outliers among 30 measurements (10.00%)
  1 (3.33%) high mild
  2 (6.67%) high severe
Benchmarking token_bucket/acquire_success/mutex_refill
Benchmarking token_bucket/acquire_success/mutex_refill: Warming up for 3.0000 s
Benchmarking token_bucket/acquire_success/mutex_refill: Collecting 30 samples in estimated 2.0000 s (140M iterations)
Benchmarking token_bucket/acquire_success/mutex_refill: Analyzing
token_bucket/acquire_success/mutex_refill
                        time:   [14.314 ns 14.329 ns 14.351 ns]
Found 3 outliers among 30 measurements (10.00%)
  3 (10.00%) high severe
Benchmarking token_bucket/acquire_success/split_atomics_refill
Benchmarking token_bucket/acquire_success/split_atomics_refill: Warming up for 3.0000 s
Benchmarking token_bucket/acquire_success/split_atomics_refill: Collecting 30 samples in estimated 2.0000 s (67M iterations)
Benchmarking token_bucket/acquire_success/split_atomics_refill: Analyzing
token_bucket/acquire_success/split_atomics_refill
                        time:   [29.769 ns 29.777 ns 29.786 ns]
Found 3 outliers among 30 measurements (10.00%)
  1 (3.33%) high mild
  2 (6.67%) high severe
Benchmarking token_bucket/acquire_success/virtual_time_gcra_refill
Benchmarking token_bucket/acquire_success/virtual_time_gcra_refill: Warming up for 3.0000 s
Benchmarking token_bucket/acquire_success/virtual_time_gcra_refill: Collecting 30 samples in estimated 2.0000 s (189M iterations)
Benchmarking token_bucket/acquire_success/virtual_time_gcra_refill: Analyzing
token_bucket/acquire_success/virtual_time_gcra_refill
                        time:   [10.576 ns 10.584 ns 10.594 ns]
Found 3 outliers among 30 measurements (10.00%)
  1 (3.33%) high mild
  2 (6.67%) high severe

Benchmarking token_bucket/acquire_rejection/mutex
Benchmarking token_bucket/acquire_rejection/mutex: Warming up for 3.0000 s
Benchmarking token_bucket/acquire_rejection/mutex: Collecting 30 samples in estimated 2.0000 s (153M iterations)
Benchmarking token_bucket/acquire_rejection/mutex: Analyzing
token_bucket/acquire_rejection/mutex
                        time:   [13.051 ns 13.063 ns 13.082 ns]
Found 3 outliers among 30 measurements (10.00%)
  3 (10.00%) high severe
Benchmarking token_bucket/acquire_rejection/split_atomics
Benchmarking token_bucket/acquire_rejection/split_atomics: Warming up for 3.0000 s
Benchmarking token_bucket/acquire_rejection/split_atomics: Collecting 30 samples in estimated 2.0000 s (796M iterations)
Benchmarking token_bucket/acquire_rejection/split_atomics: Analyzing
token_bucket/acquire_rejection/split_atomics
                        time:   [2.5104 ns 2.5113 ns 2.5125 ns]
Found 2 outliers among 30 measurements (6.67%)
  2 (6.67%) high severe
Benchmarking token_bucket/acquire_rejection/virtual_time_gcra
Benchmarking token_bucket/acquire_rejection/virtual_time_gcra: Warming up for 3.0000 s
Benchmarking token_bucket/acquire_rejection/virtual_time_gcra: Collecting 30 samples in estimated 2.0000 s (881M iterations)
Benchmarking token_bucket/acquire_rejection/virtual_time_gcra: Analyzing
token_bucket/acquire_rejection/virtual_time_gcra
                        time:   [2.2700 ns 2.2732 ns 2.2767 ns]
Found 3 outliers among 30 measurements (10.00%)
  2 (6.67%) high mild
  1 (3.33%) high severe

Benchmarking token_bucket/introspection/mutex
Benchmarking token_bucket/introspection/mutex: Warming up for 3.0000 s
Benchmarking token_bucket/introspection/mutex: Collecting 30 samples in estimated 2.0000 s (162M iterations)
Benchmarking token_bucket/introspection/mutex: Analyzing
token_bucket/introspection/mutex
                        time:   [12.302 ns 12.313 ns 12.332 ns]
Found 3 outliers among 30 measurements (10.00%)
  1 (3.33%) high mild
  2 (6.67%) high severe
Benchmarking token_bucket/introspection/split_atomics
Benchmarking token_bucket/introspection/split_atomics: Warming up for 3.0000 s
Benchmarking token_bucket/introspection/split_atomics: Collecting 30 samples in estimated 2.0000 s (181M iterations)
Benchmarking token_bucket/introspection/split_atomics: Analyzing
token_bucket/introspection/split_atomics
                        time:   [11.047 ns 11.058 ns 11.073 ns]
Found 3 outliers among 30 measurements (10.00%)
  1 (3.33%) high mild
  2 (6.67%) high severe

Benchmarking token_bucket/contention_success/mutex/1
Benchmarking token_bucket/contention_success/mutex/1: Warming up for 3.0000 s
Benchmarking token_bucket/contention_success/mutex/1: Collecting 30 samples in estimated 2.0000 s (144M iterations)
Benchmarking token_bucket/contention_success/mutex/1: Analyzing
token_bucket/contention_success/mutex/1
                        time:   [14.691 ns 14.977 ns 15.312 ns]
Found 5 outliers among 30 measurements (16.67%)
  2 (6.67%) high mild
  3 (10.00%) high severe
Benchmarking token_bucket/contention_success/split_atomics/1
Benchmarking token_bucket/contention_success/split_atomics/1: Warming up for 3.0000 s
Benchmarking token_bucket/contention_success/split_atomics/1: Collecting 30 samples in estimated 2.0000 s (65M iterations)
Benchmarking token_bucket/contention_success/split_atomics/1: Analyzing
token_bucket/contention_success/split_atomics/1
                        time:   [32.081 ns 32.534 ns 33.166 ns]
Found 3 outliers among 30 measurements (10.00%)
  2 (6.67%) high mild
  1 (3.33%) high severe
Benchmarking token_bucket/contention_success/virtual_time_gcra/1
Benchmarking token_bucket/contention_success/virtual_time_gcra/1: Warming up for 3.0000 s
Benchmarking token_bucket/contention_success/virtual_time_gcra/1: Collecting 30 samples in estimated 2.0000 s (195M iterations)
Benchmarking token_bucket/contention_success/virtual_time_gcra/1: Analyzing
token_bucket/contention_success/virtual_time_gcra/1
                        time:   [10.837 ns 11.042 ns 11.283 ns]
Found 2 outliers among 30 measurements (6.67%)
  1 (3.33%) high mild
  1 (3.33%) high severe
Benchmarking token_bucket/contention_success/mutex/2
Benchmarking token_bucket/contention_success/mutex/2: Warming up for 3.0000 s
Benchmarking token_bucket/contention_success/mutex/2: Collecting 30 samples in estimated 2.0000 s (64M iterations)
Benchmarking token_bucket/contention_success/mutex/2: Analyzing
token_bucket/contention_success/mutex/2
                        time:   [29.474 ns 30.358 ns 31.410 ns]
Found 3 outliers among 30 measurements (10.00%)
  2 (6.67%) high mild
  1 (3.33%) high severe
Benchmarking token_bucket/contention_success/split_atomics/2
Benchmarking token_bucket/contention_success/split_atomics/2: Warming up for 3.0000 s
Benchmarking token_bucket/contention_success/split_atomics/2: Collecting 30 samples in estimated 2.0000 s (15M iterations)
Benchmarking token_bucket/contention_success/split_atomics/2: Analyzing
token_bucket/contention_success/split_atomics/2
                        time:   [138.04 ns 139.75 ns 141.94 ns]
Found 2 outliers among 30 measurements (6.67%)
  2 (6.67%) high severe
Benchmarking token_bucket/contention_success/virtual_time_gcra/2
Benchmarking token_bucket/contention_success/virtual_time_gcra/2: Warming up for 3.0000 s
Benchmarking token_bucket/contention_success/virtual_time_gcra/2: Collecting 30 samples in estimated 2.0000 s (33M iterations)
Benchmarking token_bucket/contention_success/virtual_time_gcra/2: Analyzing
token_bucket/contention_success/virtual_time_gcra/2
                        time:   [56.649 ns 58.052 ns 60.127 ns]
Found 3 outliers among 30 measurements (10.00%)
  1 (3.33%) high mild
  2 (6.67%) high severe
Benchmarking token_bucket/contention_success/mutex/4
Benchmarking token_bucket/contention_success/mutex/4: Warming up for 3.0000 s
Benchmarking token_bucket/contention_success/mutex/4: Collecting 30 samples in estimated 2.0000 s (26M iterations)
Benchmarking token_bucket/contention_success/mutex/4: Analyzing
token_bucket/contention_success/mutex/4
                        time:   [70.131 ns 71.553 ns 72.861 ns]
Found 3 outliers among 30 measurements (10.00%)
  1 (3.33%) low mild
  2 (6.67%) high severe
Benchmarking token_bucket/contention_success/split_atomics/4
Benchmarking token_bucket/contention_success/split_atomics/4: Warming up for 3.0000 s
Benchmarking token_bucket/contention_success/split_atomics/4: Collecting 30 samples in estimated 2.0001 s (12M iterations)
Benchmarking token_bucket/contention_success/split_atomics/4: Analyzing
token_bucket/contention_success/split_atomics/4
                        time:   [174.82 ns 176.91 ns 179.55 ns]
Found 2 outliers among 30 measurements (6.67%)
  2 (6.67%) high severe
Benchmarking token_bucket/contention_success/virtual_time_gcra/4
Benchmarking token_bucket/contention_success/virtual_time_gcra/4: Warming up for 3.0000 s
Benchmarking token_bucket/contention_success/virtual_time_gcra/4: Collecting 30 samples in estimated 2.0000 s (17M iterations)
Benchmarking token_bucket/contention_success/virtual_time_gcra/4: Analyzing
token_bucket/contention_success/virtual_time_gcra/4
                        time:   [110.49 ns 114.31 ns 117.87 ns]
Found 2 outliers among 30 measurements (6.67%)
  1 (3.33%) high mild
  1 (3.33%) high severe
Benchmarking token_bucket/contention_success/mutex/8
Benchmarking token_bucket/contention_success/mutex/8: Warming up for 3.0000 s
Benchmarking token_bucket/contention_success/mutex/8: Collecting 30 samples in estimated 2.0001 s (8.1M iterations)
Benchmarking token_bucket/contention_success/mutex/8: Analyzing
token_bucket/contention_success/mutex/8
                        time:   [222.41 ns 232.28 ns 242.26 ns]
Found 3 outliers among 30 measurements (10.00%)
  1 (3.33%) low severe
  2 (6.67%) high mild
Benchmarking token_bucket/contention_success/split_atomics/8
Benchmarking token_bucket/contention_success/split_atomics/8: Warming up for 3.0000 s
Benchmarking token_bucket/contention_success/split_atomics/8: Collecting 30 samples in estimated 2.0000 s (9.7M iterations)
Benchmarking token_bucket/contention_success/split_atomics/8: Analyzing
token_bucket/contention_success/split_atomics/8
                        time:   [213.26 ns 219.72 ns 227.26 ns]
Found 2 outliers among 30 measurements (6.67%)
  1 (3.33%) high mild
  1 (3.33%) high severe
Benchmarking token_bucket/contention_success/virtual_time_gcra/8
Benchmarking token_bucket/contention_success/virtual_time_gcra/8: Warming up for 3.0000 s
Benchmarking token_bucket/contention_success/virtual_time_gcra/8: Collecting 30 samples in estimated 2.0000 s (11M iterations)
Benchmarking token_bucket/contention_success/virtual_time_gcra/8: Analyzing
token_bucket/contention_success/virtual_time_gcra/8
                        time:   [177.01 ns 180.79 ns 184.91 ns]
Found 5 outliers among 30 measurements (16.67%)
  3 (10.00%) high mild
  2 (6.67%) high severe
Benchmarking token_bucket/contention_success/mutex/16
Benchmarking token_bucket/contention_success/mutex/16: Warming up for 3.0000 s
Benchmarking token_bucket/contention_success/mutex/16: Collecting 30 samples in estimated 2.0003 s (2.4M iterations)
Benchmarking token_bucket/contention_success/mutex/16: Analyzing
token_bucket/contention_success/mutex/16
                        time:   [825.58 ns 838.99 ns 852.97 ns]
Found 2 outliers among 30 measurements (6.67%)
  2 (6.67%) low severe
Benchmarking token_bucket/contention_success/split_atomics/16
Benchmarking token_bucket/contention_success/split_atomics/16: Warming up for 3.0000 s
Benchmarking token_bucket/contention_success/split_atomics/16: Collecting 30 samples in estimated 2.0000 s (6.3M iterations)
Benchmarking token_bucket/contention_success/split_atomics/16: Analyzing
token_bucket/contention_success/split_atomics/16
                        time:   [321.24 ns 324.80 ns 328.60 ns]
Found 1 outliers among 30 measurements (3.33%)
  1 (3.33%) high severe
Benchmarking token_bucket/contention_success/virtual_time_gcra/16
Benchmarking token_bucket/contention_success/virtual_time_gcra/16: Warming up for 3.0000 s
Benchmarking token_bucket/contention_success/virtual_time_gcra/16: Collecting 30 samples in estimated 2.0001 s (5.9M iterations)
Benchmarking token_bucket/contention_success/virtual_time_gcra/16: Analyzing
token_bucket/contention_success/virtual_time_gcra/16
                        time:   [330.01 ns 341.57 ns 353.01 ns]

Benchmarking token_bucket/contention_rejection/mutex/1
Benchmarking token_bucket/contention_rejection/mutex/1: Warming up for 3.0000 s
Benchmarking token_bucket/contention_rejection/mutex/1: Collecting 30 samples in estimated 2.0000 s (143M iterations)
Benchmarking token_bucket/contention_rejection/mutex/1: Analyzing
token_bucket/contention_rejection/mutex/1
                        time:   [14.347 ns 14.544 ns 14.816 ns]
Found 2 outliers among 30 measurements (6.67%)
  1 (3.33%) high mild
  1 (3.33%) high severe
Benchmarking token_bucket/contention_rejection/split_atomics/1
Benchmarking token_bucket/contention_rejection/split_atomics/1: Warming up for 3.0000 s
Benchmarking token_bucket/contention_rejection/split_atomics/1: Collecting 30 samples in estimated 2.0000 s (337M iterations)
Benchmarking token_bucket/contention_rejection/split_atomics/1: Analyzing
token_bucket/contention_rejection/split_atomics/1
                        time:   [6.2172 ns 6.3541 ns 6.5044 ns]
Found 2 outliers among 30 measurements (6.67%)
  1 (3.33%) high mild
  1 (3.33%) high severe
Benchmarking token_bucket/contention_rejection/virtual_time_gcra/1
Benchmarking token_bucket/contention_rejection/virtual_time_gcra/1: Warming up for 3.0000 s
Benchmarking token_bucket/contention_rejection/virtual_time_gcra/1: Collecting 30 samples in estimated 2.0000 s (704M iterations)
Benchmarking token_bucket/contention_rejection/virtual_time_gcra/1: Analyzing
token_bucket/contention_rejection/virtual_time_gcra/1
                        time:   [2.9088 ns 2.9521 ns 3.0099 ns]
Found 1 outliers among 30 measurements (3.33%)
  1 (3.33%) high severe
Benchmarking token_bucket/contention_rejection/mutex/2
Benchmarking token_bucket/contention_rejection/mutex/2: Warming up for 3.0000 s
Benchmarking token_bucket/contention_rejection/mutex/2: Collecting 30 samples in estimated 2.0000 s (64M iterations)
Benchmarking token_bucket/contention_rejection/mutex/2: Analyzing
token_bucket/contention_rejection/mutex/2
                        time:   [30.405 ns 31.850 ns 33.286 ns]
Found 4 outliers among 30 measurements (13.33%)
  2 (6.67%) high mild
  2 (6.67%) high severe
Benchmarking token_bucket/contention_rejection/split_atomics/2
Benchmarking token_bucket/contention_rejection/split_atomics/2: Warming up for 3.0000 s
Benchmarking token_bucket/contention_rejection/split_atomics/2: Collecting 30 samples in estimated 2.0000 s (639M iterations)
Benchmarking token_bucket/contention_rejection/split_atomics/2: Analyzing
token_bucket/contention_rejection/split_atomics/2
                        time:   [3.3006 ns 3.3526 ns 3.4238 ns]
Found 2 outliers among 30 measurements (6.67%)
  1 (3.33%) high mild
  1 (3.33%) high severe
Benchmarking token_bucket/contention_rejection/virtual_time_gcra/2
Benchmarking token_bucket/contention_rejection/virtual_time_gcra/2: Warming up for 3.0000 s
Benchmarking token_bucket/contention_rejection/virtual_time_gcra/2: Collecting 30 samples in estimated 2.0000 s (1.3B iterations)
Benchmarking token_bucket/contention_rejection/virtual_time_gcra/2: Analyzing
token_bucket/contention_rejection/virtual_time_gcra/2
                        time:   [1.5609 ns 1.5831 ns 1.6166 ns]
Found 2 outliers among 30 measurements (6.67%)
  1 (3.33%) high mild
  1 (3.33%) high severe
Benchmarking token_bucket/contention_rejection/mutex/4
Benchmarking token_bucket/contention_rejection/mutex/4: Warming up for 3.0000 s
Benchmarking token_bucket/contention_rejection/mutex/4: Collecting 30 samples in estimated 2.0000 s (23M iterations)
Benchmarking token_bucket/contention_rejection/mutex/4: Analyzing
token_bucket/contention_rejection/mutex/4
                        time:   [77.959 ns 80.993 ns 83.993 ns]
Benchmarking token_bucket/contention_rejection/split_atomics/4
Benchmarking token_bucket/contention_rejection/split_atomics/4: Warming up for 3.0000 s
Benchmarking token_bucket/contention_rejection/split_atomics/4: Collecting 30 samples in estimated 2.0000 s (1.3B iterations)
Benchmarking token_bucket/contention_rejection/split_atomics/4: Analyzing
token_bucket/contention_rejection/split_atomics/4
                        time:   [1.7277 ns 1.7614 ns 1.8080 ns]
Found 4 outliers among 30 measurements (13.33%)
  1 (3.33%) high mild
  3 (10.00%) high severe
Benchmarking token_bucket/contention_rejection/virtual_time_gcra/4
Benchmarking token_bucket/contention_rejection/virtual_time_gcra/4: Warming up for 3.0000 s
Benchmarking token_bucket/contention_rejection/virtual_time_gcra/4: Collecting 30 samples in estimated 2.0000 s (2.6B iterations)
Benchmarking token_bucket/contention_rejection/virtual_time_gcra/4: Analyzing
token_bucket/contention_rejection/virtual_time_gcra/4
                        time:   [797.55 ps 809.72 ps 826.90 ps]
Found 3 outliers among 30 measurements (10.00%)
  1 (3.33%) high mild
  2 (6.67%) high severe
Benchmarking token_bucket/contention_rejection/mutex/8
Benchmarking token_bucket/contention_rejection/mutex/8: Warming up for 3.0000 s
Benchmarking token_bucket/contention_rejection/mutex/8: Collecting 30 samples in estimated 2.0000 s (7.8M iterations)
Benchmarking token_bucket/contention_rejection/mutex/8: Analyzing
token_bucket/contention_rejection/mutex/8
                        time:   [243.98 ns 252.04 ns 260.27 ns]
Found 1 outliers among 30 measurements (3.33%)
  1 (3.33%) low mild
Benchmarking token_bucket/contention_rejection/split_atomics/8
Benchmarking token_bucket/contention_rejection/split_atomics/8: Warming up for 3.0000 s
Benchmarking token_bucket/contention_rejection/split_atomics/8: Collecting 30 samples in estimated 2.0000 s (2.4B iterations)
Benchmarking token_bucket/contention_rejection/split_atomics/8: Analyzing
token_bucket/contention_rejection/split_atomics/8
                        time:   [884.39 ps 895.56 ps 911.43 ps]
Found 4 outliers among 30 measurements (13.33%)
  2 (6.67%) high mild
  2 (6.67%) high severe
Benchmarking token_bucket/contention_rejection/virtual_time_gcra/8
Benchmarking token_bucket/contention_rejection/virtual_time_gcra/8: Warming up for 3.0000 s
Benchmarking token_bucket/contention_rejection/virtual_time_gcra/8: Collecting 30 samples in estimated 2.0000 s (4.9B iterations)
Benchmarking token_bucket/contention_rejection/virtual_time_gcra/8: Analyzing
token_bucket/contention_rejection/virtual_time_gcra/8
                        time:   [435.84 ps 445.07 ps 457.29 ps]
Found 4 outliers among 30 measurements (13.33%)
  3 (10.00%) high mild
  1 (3.33%) high severe
Benchmarking token_bucket/contention_rejection/mutex/16
Benchmarking token_bucket/contention_rejection/mutex/16: Warming up for 3.0000 s
Benchmarking token_bucket/contention_rejection/mutex/16: Collecting 30 samples in estimated 2.0001 s (2.5M iterations)
Benchmarking token_bucket/contention_rejection/mutex/16: Analyzing
token_bucket/contention_rejection/mutex/16
                        time:   [792.36 ns 799.27 ns 806.45 ns]
Found 2 outliers among 30 measurements (6.67%)
  2 (6.67%) low severe
Benchmarking token_bucket/contention_rejection/split_atomics/16
Benchmarking token_bucket/contention_rejection/split_atomics/16: Warming up for 3.0000 s
Benchmarking token_bucket/contention_rejection/split_atomics/16: Collecting 30 samples in estimated 2.0000 s (4.2B iterations)
Benchmarking token_bucket/contention_rejection/split_atomics/16: Analyzing
token_bucket/contention_rejection/split_atomics/16
                        time:   [516.97 ps 534.09 ps 553.94 ps]
Found 2 outliers among 30 measurements (6.67%)
  2 (6.67%) high severe
Benchmarking token_bucket/contention_rejection/virtual_time_gcra/16
Benchmarking token_bucket/contention_rejection/virtual_time_gcra/16: Warming up for 3.0000 s
Benchmarking token_bucket/contention_rejection/virtual_time_gcra/16: Collecting 30 samples in estimated 2.0000 s (8.7B iterations)
Benchmarking token_bucket/contention_rejection/virtual_time_gcra/16: Analyzing
token_bucket/contention_rejection/virtual_time_gcra/16
                        time:   [247.49 ps 254.17 ps 261.48 ps]
Found 2 outliers among 30 measurements (6.67%)
  1 (3.33%) high mild
  1 (3.33%) high severe\n