warning: this lint expectation is unfulfilled
  --> crates/filter/src/builtins/http/traffic_management/router/json_alias.rs:50:14
   |
50 |     #[expect(dead_code, reason = "cluster selection is validated before body aliasing is wired")]
   |              ^^^^^^^^^
   |
   = note: cluster selection is validated before body aliasing is wired
   = note: `#[warn(unfulfilled_lint_expectations)]` on by default

warning: `praxis-proxy-filter` (lib) generated 1 warning
    Finished `bench` profile [optimized] target(s) in 0.17s
     Running benches/token_bucket.rs (praxis-rate-bench/target/release/deps/token_bucket-e61832f011ce306a)
Gnuplot not found, using plotters backend
Benchmarking token_bucket/acquire_success/mutex
Benchmarking token_bucket/acquire_success/mutex: Warming up for 3.0000 s
Benchmarking token_bucket/acquire_success/mutex: Collecting 30 samples in estimated 2.0000 s (156M iterations)
Benchmarking token_bucket/acquire_success/mutex: Analyzing
token_bucket/acquire_success/mutex
                        time:   [14.485 ns 14.532 ns 14.565 ns]
Found 1 outliers among 30 measurements (3.33%)
  1 (3.33%) low severe
Benchmarking token_bucket/acquire_success/split_atomics
Benchmarking token_bucket/acquire_success/split_atomics: Warming up for 3.0000 s
Benchmarking token_bucket/acquire_success/split_atomics: Collecting 30 samples in estimated 2.0000 s (162M iterations)
Benchmarking token_bucket/acquire_success/split_atomics: Analyzing
token_bucket/acquire_success/split_atomics
                        time:   [12.304 ns 12.309 ns 12.314 ns]
Found 2 outliers among 30 measurements (6.67%)
  1 (3.33%) high mild
  1 (3.33%) high severe
Benchmarking token_bucket/acquire_success/virtual_time_gcra
Benchmarking token_bucket/acquire_success/virtual_time_gcra: Warming up for 3.0000 s
Benchmarking token_bucket/acquire_success/virtual_time_gcra: Collecting 30 samples in estimated 2.0000 s (189M iterations)
Benchmarking token_bucket/acquire_success/virtual_time_gcra: Analyzing
token_bucket/acquire_success/virtual_time_gcra
                        time:   [10.560 ns 10.568 ns 10.577 ns]
Found 5 outliers among 30 measurements (16.67%)
  1 (3.33%) low severe
  1 (3.33%) low mild
  2 (6.67%) high mild
  1 (3.33%) high severe
Benchmarking token_bucket/acquire_success/mutex_refill
Benchmarking token_bucket/acquire_success/mutex_refill: Warming up for 3.0000 s
Benchmarking token_bucket/acquire_success/mutex_refill: Collecting 30 samples in estimated 2.0000 s (153M iterations)
Benchmarking token_bucket/acquire_success/mutex_refill: Analyzing
token_bucket/acquire_success/mutex_refill
                        time:   [14.812 ns 14.829 ns 14.851 ns]
Found 6 outliers among 30 measurements (20.00%)
  1 (3.33%) low severe
  2 (6.67%) high mild
  3 (10.00%) high severe
Benchmarking token_bucket/acquire_success/split_atomics_refill
Benchmarking token_bucket/acquire_success/split_atomics_refill: Warming up for 3.0000 s
Benchmarking token_bucket/acquire_success/split_atomics_refill: Collecting 30 samples in estimated 2.0000 s (72M iterations)
Benchmarking token_bucket/acquire_success/split_atomics_refill: Analyzing
token_bucket/acquire_success/split_atomics_refill
                        time:   [27.715 ns 27.744 ns 27.787 ns]
Found 4 outliers among 30 measurements (13.33%)
  4 (13.33%) high severe
Benchmarking token_bucket/acquire_success/virtual_time_gcra_refill
Benchmarking token_bucket/acquire_success/virtual_time_gcra_refill: Warming up for 3.0000 s
Benchmarking token_bucket/acquire_success/virtual_time_gcra_refill: Collecting 30 samples in estimated 2.0000 s (189M iterations)
Benchmarking token_bucket/acquire_success/virtual_time_gcra_refill: Analyzing
token_bucket/acquire_success/virtual_time_gcra_refill
                        time:   [10.550 ns 10.560 ns 10.568 ns]
Found 4 outliers among 30 measurements (13.33%)
  1 (3.33%) low severe
  1 (3.33%) low mild
  2 (6.67%) high severe

Benchmarking token_bucket/acquire_rejection/mutex
Benchmarking token_bucket/acquire_rejection/mutex: Warming up for 3.0000 s
Benchmarking token_bucket/acquire_rejection/mutex: Collecting 30 samples in estimated 2.0000 s (159M iterations)
Benchmarking token_bucket/acquire_rejection/mutex: Analyzing
token_bucket/acquire_rejection/mutex
                        time:   [12.550 ns 12.555 ns 12.562 ns]
Found 2 outliers among 30 measurements (6.67%)
  2 (6.67%) high severe
Benchmarking token_bucket/acquire_rejection/split_atomics
Benchmarking token_bucket/acquire_rejection/split_atomics: Warming up for 3.0000 s
Benchmarking token_bucket/acquire_rejection/split_atomics: Collecting 30 samples in estimated 2.0000 s (1.4B iterations)
Benchmarking token_bucket/acquire_rejection/split_atomics: Analyzing
token_bucket/acquire_rejection/split_atomics
                        time:   [1.3896 ns 1.3914 ns 1.3939 ns]
Found 3 outliers among 30 measurements (10.00%)
  1 (3.33%) high mild
  2 (6.67%) high severe
Benchmarking token_bucket/acquire_rejection/virtual_time_gcra
Benchmarking token_bucket/acquire_rejection/virtual_time_gcra: Warming up for 3.0000 s
Benchmarking token_bucket/acquire_rejection/virtual_time_gcra: Collecting 30 samples in estimated 2.0000 s (1.1B iterations)
Benchmarking token_bucket/acquire_rejection/virtual_time_gcra: Analyzing
token_bucket/acquire_rejection/virtual_time_gcra
                        time:   [1.8834 ns 1.8844 ns 1.8856 ns]
Found 4 outliers among 30 measurements (13.33%)
  2 (6.67%) high mild
  2 (6.67%) high severe

Benchmarking token_bucket/introspection/mutex
Benchmarking token_bucket/introspection/mutex: Warming up for 3.0000 s
Benchmarking token_bucket/introspection/mutex: Collecting 30 samples in estimated 2.0000 s (171M iterations)
Benchmarking token_bucket/introspection/mutex: Analyzing
token_bucket/introspection/mutex
                        time:   [11.699 ns 11.703 ns 11.708 ns]
Found 2 outliers among 30 measurements (6.67%)
  1 (3.33%) high mild
  1 (3.33%) high severe
Benchmarking token_bucket/introspection/split_atomics
Benchmarking token_bucket/introspection/split_atomics: Warming up for 3.0000 s
Benchmarking token_bucket/introspection/split_atomics: Collecting 30 samples in estimated 2.0000 s (462M iterations)
Benchmarking token_bucket/introspection/split_atomics: Analyzing
token_bucket/introspection/split_atomics
                        time:   [4.3362 ns 4.3394 ns 4.3421 ns]
Found 8 outliers among 30 measurements (26.67%)
  6 (20.00%) low severe
  1 (3.33%) high mild
  1 (3.33%) high severe

Benchmarking token_bucket/contention_success/mutex/1
Benchmarking token_bucket/contention_success/mutex/1: Warming up for 3.0000 s
Benchmarking token_bucket/contention_success/mutex/1: Collecting 30 samples in estimated 2.0000 s (152M iterations)
Benchmarking token_bucket/contention_success/mutex/1: Analyzing
token_bucket/contention_success/mutex/1
                        time:   [14.278 ns 14.536 ns 14.760 ns]
Found 5 outliers among 30 measurements (16.67%)
  2 (6.67%) low mild
  1 (3.33%) high mild
  2 (6.67%) high severe
Benchmarking token_bucket/contention_success/split_atomics/1
Benchmarking token_bucket/contention_success/split_atomics/1: Warming up for 3.0000 s
Benchmarking token_bucket/contention_success/split_atomics/1: Collecting 30 samples in estimated 2.0000 s (155M iterations)
Benchmarking token_bucket/contention_success/split_atomics/1: Analyzing
token_bucket/contention_success/split_atomics/1
                        time:   [13.560 ns 13.730 ns 13.949 ns]
Found 3 outliers among 30 measurements (10.00%)
  1 (3.33%) high mild
  2 (6.67%) high severe
Benchmarking token_bucket/contention_success/virtual_time_gcra/1
Benchmarking token_bucket/contention_success/virtual_time_gcra/1: Warming up for 3.0000 s
Benchmarking token_bucket/contention_success/virtual_time_gcra/1: Collecting 30 samples in estimated 2.0000 s (216M iterations)
Benchmarking token_bucket/contention_success/virtual_time_gcra/1: Analyzing
token_bucket/contention_success/virtual_time_gcra/1
                        time:   [9.7771 ns 9.9362 ns 10.116 ns]
Found 5 outliers among 30 measurements (16.67%)
  3 (10.00%) high mild
  2 (6.67%) high severe
Benchmarking token_bucket/contention_success/mutex/2
Benchmarking token_bucket/contention_success/mutex/2: Warming up for 3.0000 s
Benchmarking token_bucket/contention_success/mutex/2: Collecting 30 samples in estimated 2.0000 s (75M iterations)
Benchmarking token_bucket/contention_success/mutex/2: Analyzing
token_bucket/contention_success/mutex/2
                        time:   [25.361 ns 25.883 ns 26.399 ns]
Found 2 outliers among 30 measurements (6.67%)
  1 (3.33%) high mild
  1 (3.33%) high severe
Benchmarking token_bucket/contention_success/split_atomics/2
Benchmarking token_bucket/contention_success/split_atomics/2: Warming up for 3.0000 s
Benchmarking token_bucket/contention_success/split_atomics/2: Collecting 30 samples in estimated 2.0000 s (29M iterations)
Benchmarking token_bucket/contention_success/split_atomics/2: Analyzing
token_bucket/contention_success/split_atomics/2
                        time:   [67.508 ns 68.662 ns 70.136 ns]
Found 5 outliers among 30 measurements (16.67%)
  1 (3.33%) low mild
  1 (3.33%) high mild
  3 (10.00%) high severe
Benchmarking token_bucket/contention_success/virtual_time_gcra/2
Benchmarking token_bucket/contention_success/virtual_time_gcra/2: Warming up for 3.0000 s
Benchmarking token_bucket/contention_success/virtual_time_gcra/2: Collecting 30 samples in estimated 2.0000 s (33M iterations)
Benchmarking token_bucket/contention_success/virtual_time_gcra/2: Analyzing
token_bucket/contention_success/virtual_time_gcra/2
                        time:   [58.631 ns 61.425 ns 65.183 ns]
Found 2 outliers among 30 measurements (6.67%)
  1 (3.33%) high mild
  1 (3.33%) high severe
Benchmarking token_bucket/contention_success/mutex/4
Benchmarking token_bucket/contention_success/mutex/4: Warming up for 3.0000 s
Benchmarking token_bucket/contention_success/mutex/4: Collecting 30 samples in estimated 2.0000 s (23M iterations)
Benchmarking token_bucket/contention_success/mutex/4: Analyzing
token_bucket/contention_success/mutex/4
                        time:   [72.893 ns 76.146 ns 80.642 ns]
Found 3 outliers among 30 measurements (10.00%)
  1 (3.33%) high mild
  2 (6.67%) high severe
Benchmarking token_bucket/contention_success/split_atomics/4
Benchmarking token_bucket/contention_success/split_atomics/4: Warming up for 3.0000 s
Benchmarking token_bucket/contention_success/split_atomics/4: Collecting 30 samples in estimated 2.0000 s (20M iterations)
Benchmarking token_bucket/contention_success/split_atomics/4: Analyzing
token_bucket/contention_success/split_atomics/4
                        time:   [97.619 ns 100.64 ns 104.14 ns]
Found 3 outliers among 30 measurements (10.00%)
  1 (3.33%) high mild
  2 (6.67%) high severe
Benchmarking token_bucket/contention_success/virtual_time_gcra/4
Benchmarking token_bucket/contention_success/virtual_time_gcra/4: Warming up for 3.0000 s
Benchmarking token_bucket/contention_success/virtual_time_gcra/4: Collecting 30 samples in estimated 2.0000 s (20M iterations)
Benchmarking token_bucket/contention_success/virtual_time_gcra/4: Analyzing
token_bucket/contention_success/virtual_time_gcra/4
                        time:   [104.40 ns 117.36 ns 132.70 ns]
Found 7 outliers among 30 measurements (23.33%)
  5 (16.67%) high mild
  2 (6.67%) high severe
Benchmarking token_bucket/contention_success/mutex/8
Benchmarking token_bucket/contention_success/mutex/8: Warming up for 3.0000 s
Benchmarking token_bucket/contention_success/mutex/8: Collecting 30 samples in estimated 2.0001 s (8.6M iterations)
Benchmarking token_bucket/contention_success/mutex/8: Analyzing
token_bucket/contention_success/mutex/8
                        time:   [218.78 ns 224.87 ns 231.62 ns]
Found 1 outliers among 30 measurements (3.33%)
  1 (3.33%) high mild
Benchmarking token_bucket/contention_success/split_atomics/8
Benchmarking token_bucket/contention_success/split_atomics/8: Warming up for 3.0000 s
Benchmarking token_bucket/contention_success/split_atomics/8: Collecting 30 samples in estimated 2.0001 s (13M iterations)
Benchmarking token_bucket/contention_success/split_atomics/8: Analyzing
token_bucket/contention_success/split_atomics/8
                        time:   [171.46 ns 175.73 ns 180.05 ns]
Found 4 outliers among 30 measurements (13.33%)
  1 (3.33%) high mild
  3 (10.00%) high severe
Benchmarking token_bucket/contention_success/virtual_time_gcra/8
Benchmarking token_bucket/contention_success/virtual_time_gcra/8: Warming up for 3.0000 s
Benchmarking token_bucket/contention_success/virtual_time_gcra/8: Collecting 30 samples in estimated 2.0000 s (13M iterations)
Benchmarking token_bucket/contention_success/virtual_time_gcra/8: Analyzing
token_bucket/contention_success/virtual_time_gcra/8
                        time:   [158.77 ns 163.66 ns 171.08 ns]
Found 3 outliers among 30 measurements (10.00%)
  3 (10.00%) high severe
Benchmarking token_bucket/contention_success/mutex/16
Benchmarking token_bucket/contention_success/mutex/16: Warming up for 3.0000 s
Benchmarking token_bucket/contention_success/mutex/16: Collecting 30 samples in estimated 2.0000 s (2.4M iterations)
Benchmarking token_bucket/contention_success/mutex/16: Analyzing
token_bucket/contention_success/mutex/16
                        time:   [813.47 ns 824.16 ns 834.83 ns]
Found 3 outliers among 30 measurements (10.00%)
  1 (3.33%) low severe
  1 (3.33%) low mild
  1 (3.33%) high mild
Benchmarking token_bucket/contention_success/split_atomics/16
Benchmarking token_bucket/contention_success/split_atomics/16: Warming up for 3.0000 s
Benchmarking token_bucket/contention_success/split_atomics/16: Collecting 30 samples in estimated 2.0000 s (7.0M iterations)
Benchmarking token_bucket/contention_success/split_atomics/16: Analyzing
token_bucket/contention_success/split_atomics/16
                        time:   [297.75 ns 304.02 ns 309.33 ns]
Found 4 outliers among 30 measurements (13.33%)
  2 (6.67%) low mild
  2 (6.67%) high severe
Benchmarking token_bucket/contention_success/virtual_time_gcra/16
Benchmarking token_bucket/contention_success/virtual_time_gcra/16: Warming up for 3.0000 s
Benchmarking token_bucket/contention_success/virtual_time_gcra/16: Collecting 30 samples in estimated 2.0000 s (7.6M iterations)
Benchmarking token_bucket/contention_success/virtual_time_gcra/16: Analyzing
token_bucket/contention_success/virtual_time_gcra/16
                        time:   [300.86 ns 341.86 ns 388.42 ns]
Found 6 outliers among 30 measurements (20.00%)
  2 (6.67%) high mild
  4 (13.33%) high severe

Benchmarking token_bucket/contention_rejection/mutex/1
Benchmarking token_bucket/contention_rejection/mutex/1: Warming up for 3.0000 s
Benchmarking token_bucket/contention_rejection/mutex/1: Collecting 30 samples in estimated 2.0000 s (154M iterations)
Benchmarking token_bucket/contention_rejection/mutex/1: Analyzing
token_bucket/contention_rejection/mutex/1
                        time:   [13.529 ns 13.712 ns 13.928 ns]
Found 2 outliers among 30 measurements (6.67%)
  1 (3.33%) high mild
  1 (3.33%) high severe
Benchmarking token_bucket/contention_rejection/split_atomics/1
Benchmarking token_bucket/contention_rejection/split_atomics/1: Warming up for 3.0000 s
Benchmarking token_bucket/contention_rejection/split_atomics/1: Collecting 30 samples in estimated 2.0000 s (1.3B iterations)
Benchmarking token_bucket/contention_rejection/split_atomics/1: Analyzing
token_bucket/contention_rejection/split_atomics/1
                        time:   [1.6221 ns 1.6546 ns 1.6956 ns]
Found 4 outliers among 30 measurements (13.33%)
  4 (13.33%) high severe
Benchmarking token_bucket/contention_rejection/virtual_time_gcra/1
Benchmarking token_bucket/contention_rejection/virtual_time_gcra/1: Warming up for 3.0000 s
Benchmarking token_bucket/contention_rejection/virtual_time_gcra/1: Collecting 30 samples in estimated 2.0000 s (1.9B iterations)
Benchmarking token_bucket/contention_rejection/virtual_time_gcra/1: Analyzing
token_bucket/contention_rejection/virtual_time_gcra/1
                        time:   [1.0547 ns 1.0733 ns 1.0976 ns]
Found 4 outliers among 30 measurements (13.33%)
  3 (10.00%) high mild
  1 (3.33%) high severe
Benchmarking token_bucket/contention_rejection/mutex/2
Benchmarking token_bucket/contention_rejection/mutex/2: Warming up for 3.0000 s
Benchmarking token_bucket/contention_rejection/mutex/2: Collecting 30 samples in estimated 2.0000 s (71M iterations)
Benchmarking token_bucket/contention_rejection/mutex/2: Analyzing
token_bucket/contention_rejection/mutex/2
                        time:   [27.640 ns 27.981 ns 28.337 ns]
Found 6 outliers among 30 measurements (20.00%)
  3 (10.00%) high mild
  3 (10.00%) high severe
Benchmarking token_bucket/contention_rejection/split_atomics/2
Benchmarking token_bucket/contention_rejection/split_atomics/2: Warming up for 3.0000 s
Benchmarking token_bucket/contention_rejection/split_atomics/2: Collecting 30 samples in estimated 2.0000 s (2.4B iterations)
Benchmarking token_bucket/contention_rejection/split_atomics/2: Analyzing
token_bucket/contention_rejection/split_atomics/2
                        time:   [849.69 ps 860.55 ps 875.25 ps]
Found 4 outliers among 30 measurements (13.33%)
  3 (10.00%) high mild
  1 (3.33%) high severe
Benchmarking token_bucket/contention_rejection/virtual_time_gcra/2
Benchmarking token_bucket/contention_rejection/virtual_time_gcra/2: Warming up for 3.0000 s
Benchmarking token_bucket/contention_rejection/virtual_time_gcra/2: Collecting 30 samples in estimated 2.0000 s (3.7B iterations)
Benchmarking token_bucket/contention_rejection/virtual_time_gcra/2: Analyzing
token_bucket/contention_rejection/virtual_time_gcra/2
                        time:   [569.45 ps 574.45 ps 581.03 ps]
Found 3 outliers among 30 measurements (10.00%)
  2 (6.67%) high mild
  1 (3.33%) high severe
Benchmarking token_bucket/contention_rejection/mutex/4
Benchmarking token_bucket/contention_rejection/mutex/4: Warming up for 3.0000 s
Benchmarking token_bucket/contention_rejection/mutex/4: Collecting 30 samples in estimated 2.0000 s (26M iterations)
Benchmarking token_bucket/contention_rejection/mutex/4: Analyzing
token_bucket/contention_rejection/mutex/4
                        time:   [72.187 ns 75.327 ns 78.598 ns]
Found 3 outliers among 30 measurements (10.00%)
  2 (6.67%) high mild
  1 (3.33%) high severe
Benchmarking token_bucket/contention_rejection/split_atomics/4
Benchmarking token_bucket/contention_rejection/split_atomics/4: Warming up for 3.0000 s
Benchmarking token_bucket/contention_rejection/split_atomics/4: Collecting 30 samples in estimated 2.0000 s (4.8B iterations)
Benchmarking token_bucket/contention_rejection/split_atomics/4: Analyzing
token_bucket/contention_rejection/split_atomics/4
                        time:   [451.87 ps 461.14 ps 473.72 ps]
Found 3 outliers among 30 measurements (10.00%)
  2 (6.67%) high mild
  1 (3.33%) high severe
Benchmarking token_bucket/contention_rejection/virtual_time_gcra/4
Benchmarking token_bucket/contention_rejection/virtual_time_gcra/4: Warming up for 3.0000 s
Benchmarking token_bucket/contention_rejection/virtual_time_gcra/4: Collecting 30 samples in estimated 2.0000 s (7.2B iterations)
Benchmarking token_bucket/contention_rejection/virtual_time_gcra/4: Analyzing
token_bucket/contention_rejection/virtual_time_gcra/4
                        time:   [291.66 ps 298.57 ps 306.79 ps]
Found 3 outliers among 30 measurements (10.00%)
  2 (6.67%) high mild
  1 (3.33%) high severe
Benchmarking token_bucket/contention_rejection/mutex/8
Benchmarking token_bucket/contention_rejection/mutex/8: Warming up for 3.0000 s
Benchmarking token_bucket/contention_rejection/mutex/8: Collecting 30 samples in estimated 2.0000 s (9.5M iterations)
Benchmarking token_bucket/contention_rejection/mutex/8: Analyzing
token_bucket/contention_rejection/mutex/8
                        time:   [193.24 ns 202.38 ns 212.60 ns]
Found 1 outliers among 30 measurements (3.33%)
  1 (3.33%) low mild
Benchmarking token_bucket/contention_rejection/split_atomics/8
Benchmarking token_bucket/contention_rejection/split_atomics/8: Warming up for 3.0000 s
Benchmarking token_bucket/contention_rejection/split_atomics/8: Collecting 30 samples in estimated 2.0000 s (9.2B iterations)
Benchmarking token_bucket/contention_rejection/split_atomics/8: Analyzing
token_bucket/contention_rejection/split_atomics/8
                        time:   [231.66 ps 238.04 ps 245.98 ps]
Found 2 outliers among 30 measurements (6.67%)
  2 (6.67%) high severe
Benchmarking token_bucket/contention_rejection/virtual_time_gcra/8
Benchmarking token_bucket/contention_rejection/virtual_time_gcra/8: Warming up for 3.0000 s
Benchmarking token_bucket/contention_rejection/virtual_time_gcra/8: Collecting 30 samples in estimated 2.0000 s (14B iterations)
Benchmarking token_bucket/contention_rejection/virtual_time_gcra/8: Analyzing
token_bucket/contention_rejection/virtual_time_gcra/8
                        time:   [153.68 ps 157.32 ps 162.17 ps]
Found 3 outliers among 30 measurements (10.00%)
  1 (3.33%) high mild
  2 (6.67%) high severe
Benchmarking token_bucket/contention_rejection/mutex/16
Benchmarking token_bucket/contention_rejection/mutex/16: Warming up for 3.0000 s
Benchmarking token_bucket/contention_rejection/mutex/16: Collecting 30 samples in estimated 2.0004 s (2.4M iterations)
Benchmarking token_bucket/contention_rejection/mutex/16: Analyzing
token_bucket/contention_rejection/mutex/16
                        time:   [807.46 ns 816.36 ns 824.28 ns]
Found 2 outliers among 30 measurements (6.67%)
  2 (6.67%) low severe
Benchmarking token_bucket/contention_rejection/split_atomics/16
Benchmarking token_bucket/contention_rejection/split_atomics/16: Warming up for 3.0000 s
Benchmarking token_bucket/contention_rejection/split_atomics/16: Collecting 30 samples in estimated 2.0000 s (16B iterations)
Benchmarking token_bucket/contention_rejection/split_atomics/16: Analyzing
token_bucket/contention_rejection/split_atomics/16
                        time:   [135.23 ps 138.76 ps 142.97 ps]
Found 2 outliers among 30 measurements (6.67%)
  1 (3.33%) high mild
  1 (3.33%) high severe
Benchmarking token_bucket/contention_rejection/virtual_time_gcra/16
Benchmarking token_bucket/contention_rejection/virtual_time_gcra/16: Warming up for 3.0000 s
Benchmarking token_bucket/contention_rejection/virtual_time_gcra/16: Collecting 30 samples in estimated 2.0000 s (24B iterations)
Benchmarking token_bucket/contention_rejection/virtual_time_gcra/16: Analyzing
token_bucket/contention_rejection/virtual_time_gcra/16
                        time:   [89.970 ps 92.193 ps 94.883 ps]
Found 3 outliers among 30 measurements (10.00%)
  1 (3.33%) high mild
  2 (6.67%) high severe\n