Gnuplot not found, using plotters backend
Benchmarking token_bucket/contention_success/split_atomics/16
Benchmarking token_bucket/contention_success/split_atomics/16: Warming up for 3.0000 s
Benchmarking token_bucket/contention_success/split_atomics/16: Collecting 30 samples in estimated 2.0000 s (6.3M iterations)
Benchmarking token_bucket/contention_success/split_atomics/16: Analyzing
token_bucket/contention_success/split_atomics/16
                        time:   [315.55 ns 320.06 ns 324.36 ns]

7.404277 sec
Module	Core	CPU	Avg_MHz	Busy%	Bzy_MHz	TSC_MHz	IPC	IRQ	NMI	SMI	LLCMRPS	LLC%hit	POLL%	C1%	C1E%	C6%	CPU%c1	CPU%c6	CoreTmp	CoreThr	PkgTmp	Pkg%pc2	Pkg%pc6	PkgWatt	RAMWatt	PKG_%	RAM_%	UncMHz
-	-	-	1220	42.29	2891	2096	0.02	141141	17	0	50	99.88	0.00	0.04	0.14	57.56	46.89	10.82	46	0	46	0.00	0.00	84.85	18.66	0.00	0.00	2400
0x0	0x0	0	2872	99.35	2897	2095	0.01	8231	1	0	3	99.87	0.00	0.09	0.31	0.26	0.61	0.04	45	0	46	0.00	0.00	84.78	18.64	0.00	0.00	2400
0x0	0x0	20	0	0.01	2362	2095	0.77	22	0	0	0	92.01	0.00	0.00	0.01	99.98	99.95
0x8	0x4	1	2869	99.36	2894	2095	0.01	8175	1	0	3	99.95	0.00	0.11	0.27	0.26	0.45	0.19	41	0
0x8	0x4	21	1	0.03	2686	2095	0.30	4	0	0	0	96.97	0.00	0.00	0.00	99.97	99.77
0x2	0x1	2	2871	99.42	2895	2095	0.01	8110	1	0	3	99.84	0.00	0.10	0.31	0.18	0.47	0.11	44	0
0x2	0x1	22	0	0.00	1236	2095	0.47	6	0	0	0	92.32	0.00	0.00	0.00	100.00	99.88
0x6	0x3	3	2865	99.25	2894	2095	0.02	8165	1	0	3	99.89	0.00	0.06	0.40	0.29	0.74	0.01	41	0
0x6	0x3	23	0	0.01	2328	2095	0.33	5	0	0	0	93.16	0.00	0.00	0.00	99.99	99.98
0x4	0x2	4	2870	99.40	2895	2095	0.05	8115	1	0	2	99.89	0.00	0.10	0.28	0.23	0.57	0.03	43	0
0x4	0x2	24	0	0.00	1214	2095	0.50	6	0	0	0	90.35	0.00	0.00	0.00	100.00	99.97
0x18	0xc	5	2870	99.39	2895	2095	0.01	8140	1	0	3	99.96	0.00	0.09	0.29	0.24	0.47	0.14	43	0
0x18	0xc	25	0	0.00	1243	2095	0.43	6	0	0	0	91.06	0.00	0.00	0.00	100.00	99.85
0x10	0x8	6	2871	99.41	2895	2095	0.01	8118	1	0	3	99.89	0.00	0.08	0.31	0.21	0.45	0.14	41	0
0x10	0x8	26	0	0.00	1284	2095	0.43	6	0	0	0	92.40	0.00	0.00	0.00	100.00	99.86
0x16	0xb	7	2872	99.43	2895	2095	0.02	8125	1	0	3	99.89	0.00	0.07	0.26	0.23	0.43	0.14	44	0
0x16	0xb	27	0	0.01	2100	2095	0.33	37	0	0	0	90.58	0.00	0.00	0.00	99.99	99.85
0x12	0x9	8	2845	98.70	2890	2095	0.01	8145	1	0	3	99.97	0.00	0.13	0.34	0.85	1.15	0.16	44	0
0x12	0x9	28	0	0.01	1713	2095	0.32	12	0	0	0	89.23	0.00	0.00	0.00	99.99	99.84
0x14	0xa	9	2871	99.40	2895	2095	0.01	8114	1	0	3	99.95	0.00	0.08	0.30	0.22	0.50	0.09	46	0
0x14	0xa	29	2	0.09	2650	2095	0.35	8	0	0	0	98.94	0.00	0.00	0.00	99.92	99.82
0x20	0x10	10	2871	99.41	2895	2095	0.01	8127	1	0	3	99.95	0.00	0.09	0.29	0.21	0.48	0.11	43	0
0x20	0x10	30	0	0.00	1269	2095	0.42	8	0	0	0	91.46	0.00	0.00	0.00	100.00	99.88
0x28	0x14	11	2871	99.42	2895	2095	0.01	8231	1	0	3	99.96	0.00	0.09	0.30	0.20	0.46	0.12	44	0
0x28	0x14	31	0	0.00	1320	2095	0.41	7	0	0	0	91.75	0.00	0.00	0.00	100.00	99.88
0x22	0x11	12	2861	99.15	2892	2095	0.01	8170	1	0	3	99.97	0.00	0.08	0.37	0.41	0.74	0.11	43	0
0x22	0x11	32	0	0.00	1194	2095	0.42	8	0	0	0	92.02	0.00	0.00	0.00	100.00	99.88
0x26	0x13	13	2872	99.44	2895	2095	0.02	8095	1	0	3	99.92	0.00	0.11	0.28	0.18	0.47	0.10	44	0
0x26	0x13	33	0	0.00	1291	2095	0.42	6	0	0	0	90.51	0.00	0.00	0.00	100.00	99.90
0x24	0x12	14	2871	99.42	2894	2095	0.03	8063	1	0	2	99.92	0.00	0.10	0.30	0.19	0.49	0.09	41	0
0x24	0x12	34	0	0.00	1163	2095	0.48	4	0	0	0	89.38	0.00	0.00	0.00	100.00	99.91
0x38	0x1c	15	2871	99.45	2894	2095	0.01	8244	1	0	3	99.96	0.00	0.07	0.30	0.19	0.47	0.08	43	0
0x38	0x1c	35	0	0.01	1990	2095	0.31	27	0	0	0	92.26	0.00	0.00	0.00	99.99	99.91
0x30	0x18	16	2872	99.45	2894	2095	0.02	8171	1	0	3	99.94	0.00	0.10	0.27	0.19	0.47	0.08	45	0
0x30	0x18	36	0	0.00	1299	2095	0.43	6	0	0	0	90.80	0.00	0.00	0.00	100.00	99.91
0x36	0x1b	17	16	2.02	800	2095	0.89	2297	0	0	1	98.89	0.00	0.00	0.55	97.74	81.32	16.66	42	0
0x36	0x1b	37	1	0.08	801	2095	0.16	21	0	0	0	52.18	0.00	0.00	0.01	99.97	83.26
0x32	0x19	18	1	0.09	800	2095	2.03	21	0	0	0	93.24	0.00	0.00	0.00	99.92	0.81	99.11	42	0
0x32	0x19	38	0	0.02	800	2095	0.51	9	0	0	0	93.16	0.00	0.00	0.00	99.98	0.88
0x34	0x1a	19	0	0.03	821	2095	0.42	17	0	0	0	96.35	0.00	0.00	0.00	99.97	1.05	98.92	43	0
0x34	0x1a	39	1	0.10	808	2095	1.75	59	0	0	0	93.20	0.00	0.00	0.01	99.90	0.98
