Gnuplot not found, using plotters backend
Benchmarking token_bucket/contention_success/virtual_time_gcra/8
Benchmarking token_bucket/contention_success/virtual_time_gcra/8: Warming up for 3.0000 s
Benchmarking token_bucket/contention_success/virtual_time_gcra/8: Collecting 30 samples in estimated 2.0000 s (7.9M iterations)
Benchmarking token_bucket/contention_success/virtual_time_gcra/8: Analyzing
token_bucket/contention_success/virtual_time_gcra/8
                        time:   [194.90 ns 219.92 ns 248.32 ns]

6.040308 sec
Module	Core	CPU	Avg_MHz	Busy%	Bzy_MHz	TSC_MHz	IPC	IRQ	NMI	SMI	LLCMRPS	LLC%hit	POLL%	C1%	C1E%	C6%	CPU%c1	CPU%c6	CoreTmp	CoreThr	PkgTmp	Pkg%pc2	Pkg%pc6	PkgWatt	RAMWatt	PKG_%	RAM_%	UncMHz
-	-	-	754	21.79	3469	2095	0.03	57129	8	0	61	99.90	0.00	0.01	0.17	78.05	27.22	50.99	44	0	44	0.00	0.00	77.62	18.03	0.00	0.00	2400
0x0	0x0	0	3362	96.79	3482	2095	0.02	6166	1	0	7	99.98	0.00	0.04	0.86	2.31	3.14	0.08	43	0	44	0.00	0.00	77.57	18.02	0.00	0.00	2400
0x0	0x0	20	0	0.02	2281	2095	0.81	20	0	0	0	90.55	0.00	0.00	0.01	99.98	99.90
0x8	0x4	1	3437	98.63	3493	2095	0.02	6180	1	0	7	99.98	0.00	0.07	0.77	0.52	1.16	0.21	40	0
0x8	0x4	21	1	0.04	3213	2095	0.41	23	0	0	0	76.22	0.00	0.00	0.00	99.96	99.75
0x2	0x1	2	3316	95.84	3468	2095	0.03	6130	1	0	7	99.94	0.00	0.05	0.69	3.42	3.71	0.45	44	0
0x2	0x1	22	0	0.01	1545	2095	0.38	9	0	0	0	90.96	0.00	0.00	0.00	99.99	99.54
0x6	0x3	3	3379	97.35	3479	2095	0.03	6126	1	0	7	99.96	0.00	0.04	0.73	1.88	2.46	0.19	41	0
0x6	0x3	23	1	0.02	2910	2095	0.40	5	0	0	0	91.09	0.00	0.00	0.00	99.98	99.79
0x4	0x2	4	3281	94.80	3469	2095	0.03	6059	1	0	7	99.96	0.00	0.14	0.63	4.43	4.23	0.96	42	0
0x4	0x2	24	0	0.01	1215	2095	0.45	20	0	0	0	92.00	0.00	0.00	0.00	99.99	99.03
0x18	0xc	5	3445	98.83	3494	2095	0.04	6142	1	0	6	99.93	0.00	0.03	0.60	0.53	1.00	0.17	43	0
0x18	0xc	25	0	0.00	1180	2095	0.54	6	0	0	0	93.13	0.00	0.00	0.00	100.00	99.82
0x10	0x8	6	3441	98.69	3495	2095	0.05	6193	1	0	5	99.96	0.00	0.07	0.75	0.49	1.15	0.16	41	0
0x10	0x8	26	0	0.00	1158	2095	0.52	7	0	0	0	93.83	0.00	0.00	0.00	100.00	99.83
0x16	0xb	7	3323	95.75	3478	2095	0.02	6141	1	0	7	99.95	0.00	0.02	1.16	3.06	3.65	0.60	42	0
0x16	0xb	27	0	0.01	1832	2095	0.36	20	0	0	0	89.08	0.00	0.00	0.00	99.99	99.39
0x12	0x9	8	3151	91.61	3448	2095	0.02	6016	0	0	7	99.96	0.00	0.07	0.66	7.67	6.15	2.24	42	0
0x12	0x9	28	0	0.01	1244	2095	0.44	25	0	0	0	93.29	0.00	0.00	0.00	99.99	97.75
0x14	0xa	9	15	1.90	800	2095	0.99	1439	0	0	1	98.86	0.00	0.00	0.00	98.41	76.89	21.21	42	0
0x14	0xa	29	3	0.37	800	2095	0.42	6	0	0	0	93.43	0.00	0.00	0.00	99.71	78.41
0x20	0x10	10	0	0.01	800	2095	0.48	7	0	0	0	96.75	0.00	0.00	0.00	99.99	0.15	99.84	39	0
0x20	0x10	30	0	0.01	800	2095	0.53	6	0	0	0	93.76	0.00	0.00	0.00	99.99	0.15
0x28	0x14	11	0	0.01	800	2095	0.51	10	0	0	0	94.53	0.00	0.00	0.01	99.98	0.19	99.80	40	0
0x28	0x14	31	0	0.01	800	2095	0.52	7	0	0	0	93.74	0.00	0.00	0.00	99.99	0.19
0x22	0x11	12	0	0.01	800	2095	0.48	7	0	0	0	96.67	0.00	0.00	0.00	99.99	0.16	99.83	39	0
0x22	0x11	32	0	0.01	800	2095	0.53	7	0	0	0	92.88	0.00	0.00	0.00	99.99	0.16
0x26	0x13	13	0	0.01	800	2095	0.49	6	0	0	0	96.17	0.00	0.00	0.00	99.99	0.32	99.67	40	0
0x26	0x13	33	0	0.01	800	2095	0.51	20	0	0	0	95.23	0.00	0.00	0.00	99.99	0.32
0x24	0x12	14	0	0.01	800	2095	0.46	8	0	0	0	96.64	0.00	0.00	0.00	99.99	0.16	99.83	38	0
0x24	0x12	34	0	0.01	800	2095	0.53	7	0	0	0	93.21	0.00	0.00	0.00	99.99	0.16
0x38	0x1c	15	0	0.01	800	2095	0.47	6	0	0	0	95.95	0.00	0.00	0.00	99.99	0.27	99.73	40	0
0x38	0x1c	35	0	0.01	800	2095	0.47	13	0	0	0	95.12	0.00	0.00	0.00	99.99	0.26
0x30	0x18	16	0	0.02	800	2095	0.44	6	0	0	0	97.21	0.00	0.00	0.00	99.98	0.40	99.59	42	0
0x30	0x18	36	0	0.01	800	2095	0.47	6	0	0	0	91.61	0.00	0.00	0.00	99.99	0.41
0x36	0x1b	17	2	0.25	800	2095	0.50	129	0	0	0	98.32	0.00	0.00	0.01	99.75	2.21	97.54	40	0
0x36	0x1b	37	0	0.01	801	2095	0.36	7	0	0	0	82.15	0.00	0.00	0.00	99.99	2.45
0x32	0x19	18	2	0.19	804	2095	1.22	56	0	0	0	74.24	0.00	0.00	0.02	99.79	0.95	98.86	40	0
0x32	0x19	38	0	0.01	801	2095	0.54	8	0	0	0	92.86	0.00	0.00	0.00	99.99	1.13
0x34	0x1a	19	0	0.02	880	2095	0.41	11	0	0	0	94.84	0.00	0.00	0.00	99.99	0.92	99.06	41	0
0x34	0x1a	39	1	0.11	849	2095	1.79	69	0	0	0	94.32	0.00	0.00	0.01	99.88	0.82
