Gnuplot not found, using plotters backend
Benchmarking token_bucket/contention_success/virtual_time_gcra/16
Benchmarking token_bucket/contention_success/virtual_time_gcra/16: Warming up for 3.0000 s
Benchmarking token_bucket/contention_success/virtual_time_gcra/16: Collecting 30 samples in estimated 2.0000 s (6.0M iterations)
Benchmarking token_bucket/contention_success/virtual_time_gcra/16: Analyzing
token_bucket/contention_success/virtual_time_gcra/16
                        time:   [332.90 ns 351.57 ns 381.80 ns]
Found 6 outliers among 30 measurements (20.00%)
  2 (6.67%) low mild
  4 (13.33%) high severe

7.778337 sec
Module	Core	CPU	Avg_MHz	Busy%	Bzy_MHz	TSC_MHz	IPC	IRQ	NMI	SMI	LLCMRPS	LLC%hit	POLL%	C1%	C1E%	C6%	CPU%c1	CPU%c6	CoreTmp	CoreThr	PkgTmp	Pkg%pc2	Pkg%pc6	PkgWatt	RAMWatt	PKG_%	RAM_%	UncMHz
-	-	-	1191	41.20	2897	2096	0.02	137748	18	0	52	99.88	0.00	0.02	0.36	58.44	46.83	11.97	47	0	47	0.00	0.00	82.42	18.62	0.00	0.00	2400
0x0	0x0	0	2830	97.80	2901	2095	0.02	8092	1	0	3	99.88	0.00	0.06	0.63	1.47	2.12	0.08	46	0	47	0.00	0.00	82.35	18.60	0.00	0.00	2400
0x0	0x0	20	0	0.01	2054	2095	0.82	22	0	0	0	87.78	0.00	0.00	0.01	99.98	99.91
0x8	0x4	1	2863	98.66	2908	2095	0.01	8063	2	0	3	99.97	0.00	0.06	0.74	0.51	1.15	0.19	42	0
0x8	0x4	21	1	0.03	2692	2095	0.32	17	0	0	0	89.56	0.00	0.05	0.00	99.92	99.78
0x2	0x1	2	2664	92.71	2880	2095	0.01	7816	1	0	3	99.87	0.00	0.04	0.91	6.33	5.84	1.46	46	0
0x2	0x1	22	0	0.01	1043	2095	0.38	6	0	0	0	74.81	0.00	0.00	0.00	100.00	98.54
0x6	0x3	3	2719	94.27	2891	2095	0.01	7797	1	0	3	99.94	0.00	0.05	0.69	4.97	3.95	1.78	42	0
0x6	0x3	23	1	0.03	2234	2095	0.34	48	0	0	0	78.91	0.00	0.00	0.00	99.98	98.19
0x4	0x2	4	2842	98.08	2905	2095	0.01	8075	1	0	3	99.92	0.00	0.03	0.70	1.15	1.76	0.16	44	0
0x4	0x2	24	0	0.00	1270	2095	0.56	5	0	0	0	76.45	0.00	0.00	0.00	100.00	99.84
0x18	0xc	5	2822	97.51	2901	2095	0.01	8057	1	0	3	99.93	0.00	0.04	0.93	1.49	2.34	0.15	45	0
0x18	0xc	25	0	0.00	1162	2095	0.48	5	0	0	0	91.63	0.00	0.00	0.00	100.00	99.85
0x10	0x8	6	2857	98.49	2908	2095	0.01	8075	1	0	3	99.92	0.00	0.04	0.83	0.60	1.37	0.14	42	0
0x10	0x8	26	0	0.00	1127	2095	0.49	5	0	0	0	90.15	0.00	0.00	0.00	100.00	99.85
0x16	0xb	7	2848	98.21	2907	2095	0.07	8061	1	0	1	99.85	0.00	0.01	0.88	0.86	1.76	0.03	45	0
0x16	0xb	27	0	0.01	1873	2095	0.49	38	0	0	0	86.86	0.00	0.00	0.00	99.99	99.97
0x12	0x9	8	2772	96.02	2893	2095	0.01	7942	1	0	3	99.90	0.00	0.06	0.82	3.07	2.75	1.23	45	0
0x12	0x9	28	0	0.00	1579	2095	0.35	8	0	0	0	88.07	0.00	0.00	0.00	99.99	98.77
0x14	0xa	9	2601	90.31	2887	2095	0.01	7462	1	0	3	99.94	0.00	0.06	0.85	8.78	5.17	4.52	47	0
0x14	0xa	29	3	0.13	2311	2095	0.37	7	0	0	0	97.84	0.00	0.00	0.01	99.88	95.34
0x20	0x10	10	2828	97.66	2903	2095	0.01	8026	1	0	3	99.94	0.00	0.06	0.88	1.37	2.12	0.22	44	0
0x20	0x10	30	0	0.00	1138	2095	0.51	5	0	0	0	90.96	0.00	0.00	0.00	100.00	99.77
0x28	0x14	11	2826	97.61	2902	2095	0.01	8032	1	0	3	99.97	0.00	0.06	1.04	1.26	2.07	0.32	46	0
0x28	0x14	31	0	0.00	1143	2095	0.49	5	0	0	0	90.23	0.00	0.00	0.00	100.00	99.67
0x22	0x11	12	2802	96.90	2898	2095	0.01	8033	1	0	3	99.97	0.00	0.05	0.93	2.09	2.66	0.44	44	0
0x22	0x11	32	0	0.00	1167	2095	0.47	5	0	0	0	90.04	0.00	0.00	0.00	100.00	99.55
0x26	0x13	13	2844	98.23	2902	2095	0.02	8039	1	0	3	99.96	0.00	0.07	0.70	0.97	1.25	0.52	45	0
0x26	0x13	33	0	0.00	1140	2095	0.47	6	0	0	0	90.47	0.00	0.00	0.00	100.00	99.48
0x24	0x12	14	2831	97.77	2903	2095	0.01	8054	1	0	3	99.95	0.00	0.03	0.71	1.46	2.10	0.13	42	0
0x24	0x12	34	0	0.00	1175	2095	0.46	5	0	0	0	89.21	0.00	0.00	0.00	100.00	99.86
0x38	0x1c	15	2854	98.48	2905	2095	0.01	8057	1	0	3	99.96	0.00	0.03	0.61	0.84	1.42	0.09	44	0
0x38	0x1c	35	0	0.01	1999	2095	0.32	36	0	0	0	91.39	0.00	0.00	0.04	99.95	99.90
0x30	0x18	16	2793	96.62	2897	2095	0.01	7986	1	0	3	99.91	0.00	0.04	0.92	2.39	2.36	1.02	46	0
0x30	0x18	36	0	0.01	1050	2095	0.51	17	0	0	0	93.78	0.00	0.00	0.01	99.98	98.97
0x36	0x1b	17	15	1.83	800	2095	0.85	1687	0	0	1	98.82	0.00	0.00	0.43	98.04	69.23	28.95	44	0
0x36	0x1b	37	1	0.10	801	2095	0.21	9	0	0	0	65.24	0.00	0.00	0.02	99.94	70.95
0x32	0x19	18	0	0.01	800	2095	0.48	9	0	0	0	96.38	0.00	0.00	0.00	99.99	0.98	99.00	43	0
0x32	0x19	38	0	0.02	800	2095	0.58	58	0	0	0	90.51	0.00	0.00	0.00	99.99	0.98
0x34	0x1a	19	1	0.08	800	2095	1.97	19	0	0	0	92.43	0.00	0.00	0.00	99.92	0.88	99.04	44	0
0x34	0x1a	39	1	0.10	800	2095	1.78	59	0	0	0	93.54	0.00	0.00	0.01	99.90	0.86
