Gnuplot not found, using plotters backend
Benchmarking token_bucket/contention_success/split_atomics/1
Benchmarking token_bucket/contention_success/split_atomics/1: Warming up for 3.0000 s
Benchmarking token_bucket/contention_success/split_atomics/1: Collecting 30 samples in estimated 2.0000 s (68M iterations)
Benchmarking token_bucket/contention_success/split_atomics/1: Analyzing
token_bucket/contention_success/split_atomics/1
                        time:   [29.316 ns 29.330 ns 29.356 ns]
Found 3 outliers among 30 measurements (10.00%)
  1 (3.33%) high mild
  2 (6.67%) high severe

6.039635 sec
Module	Core	CPU	Avg_MHz	Busy%	Bzy_MHz	TSC_MHz	IPC	IRQ	NMI	SMI	LLCMRPS	LLC%hit	POLL%	C1%	C1E%	C6%	CPU%c1	CPU%c6	CoreTmp	CoreThr	PkgTmp	Pkg%pc2	Pkg%pc6	PkgWatt	RAMWatt	PKG_%	RAM_%	UncMHz
-	-	-	190	5.04	3770	2095	0.43	14282	2	0	2	96.53	0.00	0.00	0.01	94.95	9.85	85.11	41	0	41	0.00	0.00	53.01	17.70	0.00	0.00	2400
0x0	0x0	0	3783	99.24	3821	2095	0.11	6140	1	0	0	87.76	0.00	0.02	0.10	0.20	0.67	0.09	41	0	41	0.00	0.00	52.99	17.70	0.00	0.00	2400
0x0	0x0	20	0	0.00	2772	2095	0.43	6	0	0	0	84.48	0.00	0.00	0.00	100.00	99.91
0x8	0x4	1	3776	99.19	3816	2095	0.76	6118	1	0	0	94.39	0.00	0.01	0.11	0.25	0.63	0.18	37	0
0x8	0x4	21	1	0.02	3047	2095	0.54	22	0	0	0	88.33	0.00	0.04	0.00	99.94	99.80
0x2	0x1	2	18	2.20	800	2095	1.09	1431	0	0	1	99.06	0.00	0.00	0.02	98.10	82.69	15.10	34	0
0x2	0x1	22	1	0.09	801	2095	0.18	5	0	0	0	63.12	0.00	0.00	0.00	99.97	84.81
0x6	0x3	3	0	0.01	800	2095	0.38	6	0	0	0	91.10	0.00	0.00	0.00	99.99	0.84	99.15	31	0
0x6	0x3	23	0	0.04	800	2095	0.49	8	0	0	0	95.18	0.00	0.00	0.00	99.97	0.81
0x4	0x2	4	0	0.01	800	2095	0.46	4	0	0	0	93.38	0.00	0.00	0.00	99.99	0.38	99.61	33	0
0x4	0x2	24	0	0.02	800	2095	0.48	7	0	0	0	96.87	0.00	0.00	0.00	99.98	0.37
0x18	0xc	5	2	0.23	800	2095	0.47	71	0	0	0	99.20	0.00	0.00	0.00	99.78	1.86	97.91	34	0
0x18	0xc	25	0	0.02	800	2095	0.33	47	0	0	0	91.33	0.00	0.00	0.00	99.99	2.07
0x10	0x8	6	0	0.02	800	2095	0.39	54	0	0	0	97.04	0.00	0.00	0.01	99.97	0.82	99.16	31	0
0x10	0x8	26	0	0.01	800	2095	0.44	6	0	0	0	89.17	0.00	0.00	0.00	99.99	0.83
0x16	0xb	7	0	0.01	800	2095	0.44	4	0	0	0	93.22	0.00	0.00	0.00	99.99	0.77	99.22	34	0
0x16	0xb	27	0	0.02	800	2095	0.45	55	0	0	0	97.03	0.00	0.00	0.00	99.98	0.75
0x12	0x9	8	0	0.02	800	2095	0.39	4	0	0	0	97.28	0.00	0.00	0.00	99.98	0.46	99.53	34	0
0x12	0x9	28	0	0.01	800	2095	0.42	8	0	0	0	93.96	0.00	0.00	0.00	99.99	0.46
0x14	0xa	9	0	0.01	800	2095	0.45	7	0	0	0	96.07	0.00	0.00	0.00	99.99	0.22	99.77	35	0
0x14	0xa	29	0	0.01	800	2095	0.48	6	0	0	0	94.28	0.00	0.00	0.00	99.99	0.22
0x20	0x10	10	0	0.02	801	2095	0.23	7	0	0	0	76.11	0.00	0.00	0.00	99.99	3.91	96.07	34	0
0x20	0x10	30	1	0.16	800	2095	0.38	23	0	0	0	98.60	0.00	0.00	0.00	99.86	3.77
0x28	0x14	11	0	0.02	800	2095	0.44	23	0	0	0	96.47	0.00	0.00	0.01	99.97	0.40	99.58	35	0
0x28	0x14	31	0	0.01	800	2095	0.48	4	0	0	0	89.40	0.00	0.00	0.00	99.99	0.41
0x22	0x11	12	0	0.01	800	2095	0.49	4	0	0	0	95.58	0.00	0.00	0.00	99.99	0.14	99.85	32	0
0x22	0x11	32	0	0.01	800	2095	0.51	7	0	0	0	94.15	0.00	0.00	0.00	99.99	0.14
0x26	0x13	13	0	0.02	800	2095	0.41	27	0	0	0	96.36	0.00	0.00	0.01	99.97	0.50	99.48	33	0
0x26	0x13	33	0	0.01	800	2095	0.43	10	0	0	0	92.46	0.00	0.00	0.00	99.99	0.51
0x24	0x12	14	0	0.01	800	2095	0.48	4	0	0	0	95.53	0.00	0.00	0.00	99.99	0.14	99.85	30	0
0x24	0x12	34	0	0.01	800	2095	0.50	8	0	0	0	94.76	0.00	0.00	0.00	99.99	0.14
0x38	0x1c	15	0	0.01	800	2095	0.45	6	0	0	0	95.74	0.00	0.00	0.00	99.99	0.24	99.75	34	0
0x38	0x1c	35	0	0.01	800	2095	0.47	12	0	0	0	95.16	0.00	0.00	0.02	99.97	0.24
0x30	0x18	16	0	0.02	800	2095	0.39	6	0	0	0	97.38	0.00	0.00	0.00	99.98	0.38	99.61	36	0
0x30	0x18	36	0	0.01	800	2095	0.49	8	0	0	0	91.86	0.00	0.00	0.00	99.99	0.39
0x36	0x1b	17	0	0.01	800	2095	0.43	20	0	0	0	96.65	0.00	0.00	0.01	99.98	0.36	99.62	34	0
0x36	0x1b	37	0	0.01	800	2095	0.45	7	0	0	0	93.29	0.00	0.00	0.00	99.99	0.36
0x32	0x19	18	0	0.01	800	2095	0.45	10	0	0	0	95.71	0.00	0.00	0.00	99.99	0.37	99.62	32	0
0x32	0x19	38	0	0.02	800	2095	0.48	10	0	0	0	95.46	0.00	0.00	0.00	99.98	0.36
0x34	0x1a	19	0	0.03	800	2095	0.59	12	0	0	0	96.07	0.00	0.00	0.00	99.98	0.96	99.02	33	0
0x34	0x1a	39	1	0.11	800	2095	1.89	65	0	0	0	91.19	0.00	0.00	0.01	99.88	0.87
