Gnuplot not found, using plotters backend
Benchmarking token_bucket/contention_success/virtual_time_gcra/1
Benchmarking token_bucket/contention_success/virtual_time_gcra/1: Warming up for 3.0000 s
Benchmarking token_bucket/contention_success/virtual_time_gcra/1: Collecting 30 samples in estimated 2.0000 s (184M iterations)
Benchmarking token_bucket/contention_success/virtual_time_gcra/1: Analyzing
token_bucket/contention_success/virtual_time_gcra/1
                        time:   [10.841 ns 10.847 ns 10.855 ns]
Found 5 outliers among 30 measurements (16.67%)
  2 (6.67%) high mild
  3 (10.00%) high severe

7.921786 sec
Module	Core	CPU	Avg_MHz	Busy%	Bzy_MHz	TSC_MHz	IPC	IRQ	NMI	SMI	LLCMRPS	LLC%hit	POLL%	C1%	C1E%	C6%	CPU%c1	CPU%c6	CoreTmp	CoreThr	PkgTmp	Pkg%pc2	Pkg%pc6	PkgWatt	RAMWatt	PKG_%	RAM_%	UncMHz
-	-	-	190	5.06	3758	2095	0.85	20415	4	0	1	96.35	0.00	0.00	0.01	94.94	10.16	84.78	43	0	43	0.00	0.00	54.78	17.68	0.00	0.00	2400
0x0	0x0	0	3778	99.45	3808	2095	0.10	8034	2	0	0	94.26	0.00	0.02	0.08	0.14	0.48	0.07	43	0	43	0.00	0.00	54.77	17.67	0.00	0.00	2400
0x0	0x0	20	0	0.02	1245	2095	0.83	23	0	0	0	92.72	0.00	0.00	0.01	99.97	99.91
0x8	0x4	1	3775	99.40	3807	2095	1.61	8000	2	0	0	97.14	0.00	0.01	0.07	0.22	0.45	0.15	39	0
0x8	0x4	21	1	0.02	3250	2095	0.49	7	0	0	0	95.08	0.00	0.00	0.00	99.98	99.83
0x2	0x1	2	17	2.10	800	2095	1.19	3484	0	0	1	99.21	0.00	0.00	0.00	98.21	88.14	9.76	36	0
0x2	0x1	22	0	0.05	801	2095	0.16	11	0	0	0	50.59	0.00	0.00	0.00	99.98	90.19
0x6	0x3	3	0	0.01	800	2095	0.35	6	0	0	0	90.22	0.00	0.00	0.00	99.99	1.42	98.58	33	0
0x6	0x3	23	0	0.06	800	2095	0.58	73	0	0	0	95.96	0.00	0.00	0.08	99.87	1.37
0x4	0x2	4	0	0.06	800	2095	1.48	51	0	0	0	67.76	0.00	0.00	0.00	99.94	1.35	98.59	35	0
0x4	0x2	24	0	0.04	800	2095	0.51	6	0	0	0	93.36	0.00	0.00	0.00	99.97	1.37
0x18	0xc	5	2	0.23	800	2095	0.47	98	0	0	0	99.22	0.00	0.00	0.00	99.77	1.33	98.44	35	0
0x18	0xc	25	0	0.01	801	2095	0.32	7	0	0	0	76.62	0.00	0.00	0.00	100.00	1.55
0x10	0x8	6	0	0.01	800	2095	0.54	9	0	0	0	96.04	0.00	0.00	0.00	99.99	0.21	99.77	32	0
0x10	0x8	26	0	0.01	800	2095	0.73	11	0	0	0	90.60	0.00	0.00	0.00	99.99	0.21
0x16	0xb	7	0	0.01	800	2095	0.47	7	0	0	0	95.97	0.00	0.00	0.00	99.99	0.47	99.52	36	0
0x16	0xb	27	0	0.01	800	2095	0.60	34	0	0	0	96.76	0.00	0.00	0.00	99.99	0.46
0x12	0x9	8	0	0.02	800	2095	0.39	4	0	0	0	97.77	0.00	0.00	0.00	99.99	0.50	99.49	35	0
0x12	0x9	28	0	0.02	800	2095	0.49	14	0	0	0	91.01	0.00	0.00	0.00	99.98	0.49
0x14	0xa	9	0	0.01	800	2095	0.47	8	0	0	0	95.61	0.00	0.00	0.00	99.99	0.12	99.87	37	0
0x14	0xa	29	0	0.01	800	2095	0.52	7	0	0	0	94.41	0.00	0.00	0.00	99.99	0.12
0x20	0x10	10	0	0.03	801	2095	0.40	50	0	0	0	84.03	0.00	0.00	0.03	99.95	3.74	96.23	35	0
0x20	0x10	30	1	0.15	800	2095	0.45	36	0	0	0	98.17	0.00	0.00	0.06	99.80	3.61
0x28	0x14	11	0	0.01	800	2095	0.45	14	0	0	0	95.28	0.00	0.00	0.00	99.99	0.26	99.73	36	0
0x28	0x14	31	0	0.01	799	2095	0.41	19	0	0	0	95.94	0.00	0.00	0.01	99.99	0.26
0x22	0x11	12	0	0.01	800	2095	0.47	6	0	0	0	96.81	0.00	0.00	0.00	99.99	0.15	99.84	34	0
0x22	0x11	32	0	0.01	800	2095	0.49	10	0	0	0	94.28	0.00	0.00	0.00	99.99	0.15
0x26	0x13	13	0	0.05	800	2095	0.85	46	0	0	0	89.19	0.00	0.00	0.01	99.95	0.65	99.31	35	0
0x26	0x13	33	0	0.04	800	2095	0.71	18	0	0	0	73.17	0.00	0.00	0.02	99.94	0.66
0x24	0x12	14	0	0.01	800	2095	0.40	18	0	0	0	97.30	0.00	0.00	0.01	99.98	0.24	99.75	32	0
0x24	0x12	34	0	0.01	800	2095	0.50	9	0	0	0	93.90	0.00	0.00	0.00	99.99	0.24
0x38	0x1c	15	0	0.01	800	2095	0.47	8	0	0	0	96.67	0.00	0.00	0.00	99.99	0.18	99.81	35	0
0x38	0x1c	35	0	0.01	800	2095	0.47	14	0	0	0	96.14	0.00	0.00	0.01	99.98	0.18
0x30	0x18	16	0	0.02	800	2095	0.45	14	0	0	0	97.39	0.00	0.00	0.00	99.98	1.62	98.36	37	0
0x30	0x18	36	1	0.10	800	2095	0.99	95	0	0	0	74.25	0.00	0.00	0.01	99.89	1.54
0x36	0x1b	17	0	0.01	800	2095	0.46	18	0	0	0	94.68	0.00	0.00	0.00	99.99	0.55	99.44	36	0
0x36	0x1b	37	0	0.03	800	2095	1.12	33	0	0	0	88.35	0.00	0.00	0.02	99.96	0.54
0x32	0x19	18	1	0.07	800	2095	2.18	17	0	0	0	92.09	0.00	0.00	0.00	99.93	0.28	99.65	34	0
0x32	0x19	38	0	0.01	800	2095	0.51	13	0	0	0	96.06	0.00	0.00	0.00	99.99	0.34
0x34	0x1a	19	0	0.03	844	2095	0.60	20	0	0	0	94.40	0.00	0.00	0.00	99.97	0.67	99.30	35	0
0x34	0x1a	39	1	0.08	860	2095	1.84	63	0	0	0	94.06	0.00	0.00	0.02	99.90	0.61
