Gnuplot not found, using plotters backend
Benchmarking token_bucket/contention_success/split_atomics/8
Benchmarking token_bucket/contention_success/split_atomics/8: Warming up for 3.0000 s
Benchmarking token_bucket/contention_success/split_atomics/8: Collecting 30 samples in estimated 2.0001 s (9.9M iterations)
Benchmarking token_bucket/contention_success/split_atomics/8: Analyzing
token_bucket/contention_success/split_atomics/8
                        time:   [207.47 ns 210.54 ns 213.07 ns]
Found 2 outliers among 30 measurements (6.67%)
  1 (3.33%) low severe
  1 (3.33%) low mild

5.518894 sec
Module	Core	CPU	Avg_MHz	Busy%	Bzy_MHz	TSC_MHz	IPC	IRQ	NMI	SMI	LLCMRPS	LLC%hit	POLL%	C1%	C1E%	C6%	CPU%c1	CPU%c6	CoreTmp	CoreThr	PkgTmp	Pkg%pc2	Pkg%pc6	PkgWatt	RAMWatt	PKG_%	RAM_%	UncMHz
-	-	-	780	22.45	3481	2095	0.03	55628	7	0	63	99.91	0.00	0.02	0.05	77.50	27.00	50.54	43	0	43	0.00	0.00	79.07	18.21	0.00	0.00	2400
0x0	0x0	0	3466	99.41	3494	2095	0.06	5960	1	0	3	99.84	0.00	0.07	0.22	0.30	0.52	0.07	43	0	43	0.00	0.00	79.02	18.20	0.00	0.00	2400
0x0	0x0	20	0	0.02	2426	2095	0.82	22	0	0	0	93.46	0.00	0.00	0.01	99.97	99.92
0x8	0x4	1	3462	99.45	3490	2095	0.03	6004	0	0	7	99.93	0.00	0.06	0.21	0.29	0.49	0.06	39	0
0x8	0x4	21	1	0.03	2557	2095	0.37	19	0	0	0	98.19	0.00	0.00	0.02	99.96	99.91
0x2	0x1	2	3463	99.46	3490	2095	0.03	5969	1	0	7	99.92	0.00	0.12	0.22	0.20	0.38	0.15	42	0
0x2	0x1	22	0	0.01	2713	2095	0.39	4	0	0	0	89.70	0.00	0.00	0.00	99.99	99.83
0x6	0x3	3	3461	99.42	3490	2095	0.03	6021	1	0	7	99.95	0.00	0.10	0.20	0.29	0.38	0.20	39	0
0x6	0x3	23	0	0.01	2404	2095	0.37	4	0	0	0	92.01	0.00	0.00	0.00	99.99	99.79
0x4	0x2	4	3460	99.41	3489	2095	0.03	5968	1	0	7	99.97	0.00	0.11	0.21	0.28	0.39	0.20	40	0
0x4	0x2	24	0	0.00	1133	2095	0.52	5	0	0	0	92.53	0.00	0.00	0.00	100.00	99.79
0x18	0xc	5	3461	99.41	3489	2095	0.03	5980	0	0	8	99.97	0.00	0.09	0.24	0.26	0.40	0.18	42	0
0x18	0xc	25	0	0.01	1141	2095	0.49	5	0	0	0	92.15	0.00	0.00	0.00	99.99	99.81
0x10	0x8	6	3462	99.43	3490	2095	0.03	6007	1	0	7	99.96	0.00	0.10	0.20	0.27	0.39	0.19	39	0
0x10	0x8	26	0	0.00	1140	2095	0.52	5	0	0	0	93.04	0.00	0.00	0.00	100.00	99.81
0x16	0xb	7	3461	99.42	3490	2095	0.03	5991	1	0	8	99.97	0.00	0.08	0.21	0.29	0.40	0.18	41	0
0x16	0xb	27	0	0.01	2064	2095	0.37	35	0	0	0	92.94	0.00	0.00	0.00	99.99	99.81
0x12	0x9	8	3461	99.42	3489	2095	0.03	5954	1	0	7	99.97	0.00	0.10	0.23	0.24	0.40	0.18	41	0
0x12	0x9	28	0	0.01	1614	2095	0.37	8	0	0	0	92.42	0.00	0.00	0.00	99.99	99.81
0x14	0xa	9	17	2.10	800	2095	1.00	1363	0	0	1	98.96	0.00	0.00	0.00	98.23	83.31	14.58	40	0
0x14	0xa	29	2	0.28	800	2095	0.43	5	0	0	0	89.28	0.00	0.00	0.00	99.80	85.14
0x20	0x10	10	0	0.01	800	2095	0.48	5	0	0	0	96.52	0.00	0.00	0.00	99.99	0.18	99.82	38	0
0x20	0x10	30	0	0.01	800	2095	0.53	6	0	0	0	94.56	0.00	0.00	0.00	99.99	0.18
0x28	0x14	11	0	0.01	800	2095	0.51	10	0	0	0	94.50	0.00	0.00	0.01	99.98	0.20	99.79	39	0
0x28	0x14	31	0	0.01	800	2095	0.52	5	0	0	0	94.08	0.00	0.00	0.00	99.99	0.21
0x22	0x11	12	0	0.01	800	2095	0.49	5	0	0	0	96.06	0.00	0.00	0.00	99.99	0.20	99.79	38	0
0x22	0x11	32	0	0.01	800	2095	0.48	9	0	0	0	95.36	0.00	0.00	0.00	99.99	0.20
0x26	0x13	13	0	0.01	800	2095	0.49	5	0	0	0	96.77	0.00	0.00	0.00	99.99	0.11	99.88	39	0
0x26	0x13	33	0	0.01	800	2095	0.53	5	0	0	0	93.58	0.00	0.00	0.00	99.99	0.11
0x24	0x12	14	0	0.01	800	2095	0.49	6	0	0	0	97.04	0.00	0.00	0.00	99.99	0.11	99.88	36	0
0x24	0x12	34	0	0.01	800	2095	0.55	6	0	0	0	92.96	0.00	0.00	0.00	99.99	0.11
0x38	0x1c	15	0	0.01	800	2095	0.49	18	0	0	0	94.21	0.00	0.00	0.00	99.99	0.44	99.54	39	0
0x38	0x1c	35	0	0.01	800	2095	0.47	12	0	0	0	94.99	0.00	0.00	0.01	99.98	0.45
0x30	0x18	16	0	0.03	800	2095	0.39	23	0	0	0	97.71	0.00	0.00	0.00	99.98	0.56	99.42	40	0
0x30	0x18	36	0	0.01	800	2095	0.45	6	0	0	0	86.95	0.00	0.00	0.00	99.99	0.57
0x36	0x1b	17	2	0.23	800	2095	0.47	63	0	0	0	98.87	0.00	0.00	0.00	99.78	1.30	98.47	39	0
0x36	0x1b	37	0	0.01	800	2095	0.36	6	0	0	0	79.44	0.00	0.00	0.00	99.99	1.52
0x32	0x19	18	0	0.01	800	2095	0.47	9	0	0	0	95.79	0.00	0.00	0.00	99.99	0.35	99.64	38	0
0x32	0x19	38	0	0.02	800	2095	0.51	8	0	0	0	95.31	0.00	0.00	0.00	99.98	0.35
0x34	0x1a	19	1	0.10	824	2095	2.10	17	0	0	0	92.62	0.00	0.00	0.01	99.89	1.11	98.78	39	0
0x34	0x1a	39	1	0.13	872	2095	1.74	75	0	0	0	95.21	0.00	0.00	0.01	99.87	1.09
