Gnuplot not found, using plotters backend
Benchmarking token_bucket/contention_success/mutex/16
Benchmarking token_bucket/contention_success/mutex/16: Warming up for 3.0000 s
Benchmarking token_bucket/contention_success/mutex/16: Collecting 30 samples in estimated 2.0004 s (2.3M iterations)
Benchmarking token_bucket/contention_success/mutex/16: Analyzing
token_bucket/contention_success/mutex/16
                        time:   [818.46 ns 828.75 ns 837.70 ns]
Found 1 outliers among 30 measurements (3.33%)
  1 (3.33%) low mild

5.566927 sec
Module	Core	CPU	Avg_MHz	Busy%	Bzy_MHz	TSC_MHz	IPC	IRQ	NMI	SMI	LLCMRPS	LLC%hit	POLL%	C1%	C1E%	C6%	CPU%c1	CPU%c6	CoreTmp	CoreThr	PkgTmp	Pkg%pc2	Pkg%pc6	PkgWatt	RAMWatt	PKG_%	RAM_%	UncMHz
-	-	-	629	21.91	2875	2096	0.63	140632	8	0	156	99.95	0.04	23.37	0.20	57.61	65.68	12.41	42	0	42	0.00	0.00	82.24	18.51	0.00	0.00	2400
0x0	0x0	0	1392	48.34	2887	2095	0.70	8357	0	0	10	99.95	0.12	58.43	0.37	0.34	51.63	0.03	41	0	42	0.00	0.00	82.15	18.49	0.00	0.00	2400
0x0	0x0	20	0	0.02	2428	2095	0.77	18	0	0	0	96.70	0.00	0.00	0.01	99.97	99.95
0x8	0x4	1	1396	48.58	2881	2095	0.69	8510	0	0	10	99.98	0.05	58.10	0.38	0.34	51.20	0.22	37	0
0x8	0x4	21	1	0.02	2375	2095	0.49	4	0	0	0	98.02	0.00	0.00	0.00	99.98	99.75
0x2	0x1	2	1386	48.21	2882	2095	0.70	8308	1	0	10	99.95	0.14	58.64	0.41	0.24	51.64	0.15	41	0
0x2	0x1	22	0	0.01	1106	2095	0.52	6	0	0	0	95.24	0.00	0.00	0.00	99.99	99.85
0x6	0x3	3	1402	48.69	2885	2095	0.69	8443	1	0	10	99.96	0.11	58.05	0.40	0.32	51.12	0.18	37	0
0x6	0x3	23	0	0.01	1760	2095	0.47	6	0	0	0	96.56	0.00	0.00	0.00	99.99	99.81
0x4	0x2	4	2346	81.36	2890	2095	0.22	6769	1	0	3	99.89	0.05	20.73	0.30	0.34	18.44	0.21	39	0
0x4	0x2	24	0	0.01	1088	2095	0.53	6	0	0	0	93.69	0.00	0.00	0.00	99.99	99.79
0x18	0xc	5	1389	48.51	2869	2095	0.69	8527	1	0	10	99.99	0.05	58.07	0.63	0.60	51.25	0.24	40	0
0x18	0xc	25	0	0.01	1103	2095	0.53	7	0	0	0	94.37	0.00	0.00	0.00	99.99	99.75
0x10	0x8	6	1909	66.30	2886	2095	0.38	7622	1	0	6	99.88	0.06	37.96	0.30	0.28	33.52	0.18	38	0
0x10	0x8	26	0	0.01	1116	2095	0.54	6	0	0	0	94.93	0.00	0.00	0.00	99.99	99.81
0x16	0xb	7	1386	48.21	2880	2095	0.70	8420	0	0	10	99.99	0.08	58.47	0.51	0.31	51.61	0.17	40	0
0x16	0xb	27	0	0.01	1599	2095	0.43	21	0	0	0	92.59	0.00	0.00	0.00	99.99	99.82
0x12	0x9	8	1385	48.14	2883	2095	0.70	8119	1	0	10	99.99	0.13	58.80	0.30	0.31	51.69	0.17	40	0
0x12	0x9	28	0	0.01	1301	2095	0.48	8	0	0	0	93.68	0.00	0.00	0.00	99.99	99.83
0x14	0xa	9	1391	48.36	2883	2095	0.70	8504	0	0	10	99.99	0.08	58.56	0.41	0.30	51.53	0.11	42	0
0x14	0xa	29	2	0.08	2490	2095	0.55	5	0	0	0	99.27	0.00	0.00	0.00	99.94	99.81
0x20	0x10	10	1386	48.28	2878	2095	0.70	8463	0	0	10	99.98	0.12	58.38	0.45	0.30	51.56	0.15	39	0
0x20	0x10	30	0	0.01	1076	2095	0.54	7	0	0	0	95.39	0.00	0.00	0.00	99.99	99.84
0x28	0x14	11	1393	48.60	2874	2095	0.69	8458	0	0	10	99.98	0.06	58.09	0.52	0.47	51.25	0.14	41	0
0x28	0x14	31	0	0.01	1090	2095	0.54	6	0	0	0	95.33	0.00	0.00	0.00	99.99	99.85
0x22	0x11	12	1388	48.33	2880	2095	0.70	8385	0	0	10	99.99	0.12	58.70	0.40	0.28	51.54	0.14	39	0
0x22	0x11	32	0	0.01	1083	2095	0.53	6	0	0	0	94.94	0.00	0.00	0.00	99.99	99.86
0x26	0x13	13	1401	48.74	2881	2095	0.69	8338	1	0	10	99.98	0.08	58.23	0.41	0.26	51.13	0.13	40	0
0x26	0x13	33	0	0.01	1343	2095	0.46	9	0	0	0	91.04	0.00	0.00	0.00	99.99	99.86
0x24	0x12	14	1387	48.36	2876	2095	0.70	8293	0	0	10	99.98	0.09	58.50	0.51	0.25	51.51	0.13	38	0
0x24	0x12	34	0	0.01	1079	2095	0.54	7	0	0	0	95.50	0.00	0.00	0.00	99.99	99.86
0x38	0x1c	15	1398	48.77	2872	2095	0.69	8363	1	0	10	99.96	0.05	57.97	0.63	0.36	51.10	0.12	40	0
0x38	0x1c	35	0	0.01	1579	2095	0.45	17	0	0	0	94.16	0.00	0.00	0.01	99.99	99.87
0x30	0x18	16	1373	47.93	2871	2095	0.70	8245	0	0	10	99.98	0.11	58.34	0.43	0.73	51.89	0.19	41	0
0x30	0x18	36	0	0.01	964	2095	0.47	21	0	0	0	96.14	0.00	0.00	0.00	99.99	99.80
0x36	0x1b	17	15	1.89	800	2095	0.69	236	0	0	1	98.56	0.00	0.00	0.37	98.02	50.51	47.61	38	0
0x36	0x1b	37	1	0.12	802	2095	0.09	19	0	0	0	45.85	0.00	0.00	0.01	99.97	52.28
0x32	0x19	18	1	0.11	800	2095	2.07	11	0	0	0	93.91	0.00	0.00	0.00	99.90	0.68	99.21	38	0
0x32	0x19	38	0	0.02	800	2095	0.48	8	0	0	0	92.14	0.00	0.00	0.00	99.98	0.77
0x34	0x1a	19	0	0.03	864	2095	0.40	25	0	0	0	96.23	0.00	0.00	0.01	99.97	1.12	98.85	39	0
0x34	0x1a	39	1	0.12	850	2095	1.80	49	0	0	0	93.63	0.00	0.00	0.02	99.86	1.03
