Gnuplot not found, using plotters backend
Benchmarking token_bucket/contention_success/mutex/8
Benchmarking token_bucket/contention_success/mutex/8: Warming up for 3.0000 s
Benchmarking token_bucket/contention_success/mutex/8: Collecting 30 samples in estimated 2.0001 s (7.7M iterations)
Benchmarking token_bucket/contention_success/mutex/8: Analyzing
token_bucket/contention_success/mutex/8
                        time:   [263.96 ns 271.15 ns 278.17 ns]

6.498827 sec
Module	Core	CPU	Avg_MHz	Busy%	Bzy_MHz	TSC_MHz	IPC	IRQ	NMI	SMI	LLCMRPS	LLC%hit	POLL%	C1%	C1E%	C6%	CPU%c1	CPU%c6	CoreTmp	CoreThr	PkgTmp	Pkg%pc2	Pkg%pc6	PkgWatt	RAMWatt	PKG_%	RAM_%	UncMHz
-	-	-	765	22.03	3481	2096	0.46	80060	9	0	131	99.96	2.62	0.14	0.16	77.74	25.66	52.32	41	0	41	0.00	0.00	87.64	17.70	0.00	0.00	2400
0x0	0x0	0	3454	98.93	3500	2095	0.50	9443	1	0	16	99.97	12.89	0.69	0.32	0.26	1.03	0.04	41	0	41	0.00	0.00	87.58	17.69	0.00	0.00	2400
0x0	0x0	20	0	0.02	2053	2095	0.79	23	0	0	0	97.45	0.00	0.00	0.01	99.98	99.94
0x8	0x4	1	3419	98.06	3495	2095	0.49	9212	1	0	16	99.99	12.66	0.65	0.91	0.59	1.72	0.22	38	0
0x8	0x4	21	1	0.02	2930	2095	0.47	3	0	0	0	98.29	0.00	0.00	0.00	99.98	99.76
0x2	0x1	2	3423	98.23	3493	2095	0.49	8735	1	0	16	99.98	12.89	0.64	0.82	0.50	1.63	0.13	41	0
0x2	0x1	22	0	0.01	2752	2095	0.43	20	0	0	0	86.11	0.00	0.00	0.00	99.99	99.85
0x6	0x3	3	3390	97.55	3483	2095	0.50	9087	1	0	16	99.98	13.03	0.66	0.62	1.39	2.11	0.34	37	0
0x6	0x3	23	0	0.01	2773	2095	0.57	37	0	0	0	77.95	0.00	0.02	0.01	99.96	99.65
0x4	0x2	4	3316	95.64	3475	2095	0.48	8787	1	0	15	99.99	12.22	0.64	0.72	3.23	3.73	0.63	39	0
0x4	0x2	24	0	0.01	1076	2095	0.42	5	0	0	0	78.28	0.00	0.00	0.00	100.00	99.36
0x18	0xc	5	3450	98.90	3496	2095	0.42	8488	1	0	13	99.99	10.64	0.69	0.39	0.25	0.92	0.18	40	0
0x18	0xc	25	0	0.00	1045	2095	0.54	5	0	0	0	95.61	0.00	0.00	0.00	100.00	99.81
0x10	0x8	6	3444	98.82	3493	2095	0.41	8650	1	0	12	99.98	10.33	0.55	0.34	0.46	1.16	0.03	38	0
0x10	0x8	26	0	0.01	926	2095	0.52	26	0	0	0	96.50	0.00	0.00	0.01	99.98	99.96
0x16	0xb	7	3400	97.60	3492	2095	0.33	8285	1	0	10	99.95	7.55	0.56	1.17	0.82	2.27	0.13	40	0
0x16	0xb	27	1	0.04	2900	2095	0.51	36	0	0	0	98.22	0.00	0.00	0.00	99.97	99.83
0x12	0x9	8	3275	94.51	3473	2095	0.49	8806	1	0	15	99.98	12.38	0.67	1.04	4.01	3.04	2.45	40	0
0x12	0x9	28	0	0.01	1535	2095	0.41	7	0	0	0	89.99	0.00	0.00	0.00	99.99	97.54
0x14	0xa	9	14	1.75	800	2095	0.93	64	0	0	1	98.72	0.00	0.00	0.01	98.49	50.98	47.27	38	0
0x14	0xa	29	2	0.23	801	2095	0.29	8	0	0	0	85.71	0.00	0.00	0.00	99.86	52.50
0x20	0x10	10	0	0.01	800	2095	0.45	7	0	0	0	97.43	0.00	0.00	0.00	99.99	0.20	99.79	37	0
0x20	0x10	30	0	0.01	800	2095	0.52	5	0	0	0	94.05	0.00	0.00	0.00	99.99	0.21
0x28	0x14	11	0	0.01	800	2095	0.49	7	0	0	0	94.38	0.00	0.00	0.00	99.99	0.14	99.86	37	0
0x28	0x14	31	0	0.01	800	2095	0.50	7	0	0	0	94.67	0.00	0.00	0.00	99.99	0.14
0x22	0x11	12	0	0.01	800	2095	0.50	5	0	0	0	97.52	0.00	0.00	0.00	99.99	0.11	99.88	36	0
0x22	0x11	32	0	0.01	800	2095	0.56	6	0	0	0	94.15	0.00	0.00	0.00	99.99	0.11
0x26	0x13	13	0	0.01	800	2095	0.46	22	0	0	0	97.75	0.00	0.00	0.01	99.98	0.32	99.67	37	0
0x26	0x13	33	0	0.01	800	2095	0.50	7	0	0	0	93.24	0.00	0.00	0.00	99.99	0.32
0x24	0x12	14	0	0.02	800	2095	0.46	6	0	0	0	97.06	0.00	0.00	0.00	99.98	0.53	99.45	35	0
0x24	0x12	34	0	0.01	800	2095	0.46	20	0	0	0	94.24	0.00	0.00	0.01	99.98	0.54
0x38	0x1c	15	0	0.01	800	2095	0.46	6	0	0	0	96.22	0.00	0.00	0.00	99.99	0.39	99.60	37	0
0x38	0x1c	35	0	0.01	800	2095	0.45	30	0	0	0	96.95	0.00	0.00	0.03	99.96	0.39
0x30	0x18	16	0	0.01	800	2095	0.48	5	0	0	0	97.50	0.00	0.00	0.00	99.99	0.11	99.88	39	0
0x30	0x18	36	0	0.01	800	2095	0.56	6	0	0	0	94.94	0.00	0.00	0.00	99.99	0.11
0x36	0x1b	17	2	0.24	800	2095	0.47	95	0	0	0	99.23	0.00	0.00	0.01	99.77	1.49	98.27	37	0
0x36	0x1b	37	0	0.01	801	2095	0.35	6	0	0	0	79.82	0.00	0.00	0.00	99.99	1.72
0x32	0x19	18	0	0.02	800	2095	0.43	8	0	0	0	97.74	0.00	0.00	0.00	99.98	0.40	99.59	37	0
0x32	0x19	38	0	0.01	800	2095	0.51	6	0	0	0	91.58	0.00	0.00	0.00	99.99	0.40
0x34	0x1a	19	0	0.02	838	2095	0.39	13	0	0	0	95.76	0.00	0.00	0.00	99.98	0.90	99.08	37	0
0x34	0x1a	39	1	0.12	811	2095	1.74	66	0	0	0	95.76	0.00	0.00	0.01	99.88	0.81
