Gnuplot not found, using plotters backend
Benchmarking token_bucket/contention_success/mutex/1
Benchmarking token_bucket/contention_success/mutex/1: Warming up for 3.0000 s
Benchmarking token_bucket/contention_success/mutex/1: Collecting 30 samples in estimated 2.0000 s (138M iterations)
Benchmarking token_bucket/contention_success/mutex/1: Analyzing
token_bucket/contention_success/mutex/1
                        time:   [14.449 ns 14.464 ns 14.482 ns]
Found 2 outliers among 30 measurements (6.67%)
  2 (6.67%) high mild

5.982318 sec
Module	Core	CPU	Avg_MHz	Busy%	Bzy_MHz	TSC_MHz	IPC	IRQ	NMI	SMI	LLCMRPS	LLC%hit	POLL%	C1%	C1E%	C6%	CPU%c1	CPU%c6	CoreTmp	CoreThr	PkgTmp	Pkg%pc2	Pkg%pc6	PkgWatt	RAMWatt	PKG_%	RAM_%	UncMHz
-	-	-	190	5.02	3800	2095	0.79	12638	2	0	2	96.66	0.00	0.00	0.01	94.94	8.85	86.13	40	0	40	0.00	0.00	54.79	17.75	0.00	0.00	2400
0x0	0x0	0	3796	98.55	3861	2095	0.10	6079	1	0	0	91.48	0.00	0.03	0.10	0.20	1.41	0.04	40	0	40	0.00	0.00	54.77	17.74	0.00	0.00	2400
0x0	0x0	20	0	0.02	2183	2095	0.79	19	0	0	0	95.21	0.00	0.00	0.01	99.97	99.94
0x8	0x4	1	3789	98.50	3855	2095	1.47	6062	1	0	0	94.75	0.00	0.01	0.08	0.28	1.32	0.18	35	0
0x8	0x4	21	0	0.00	1162	2095	0.50	6	0	0	0	92.87	0.00	0.00	0.00	100.00	99.82
0x2	0x1	2	20	2.52	800	2095	0.85	54	0	0	1	98.64	0.00	0.00	0.02	97.84	60.70	36.78	32	0
0x2	0x1	22	1	0.17	802	2095	0.08	7	0	0	0	39.22	0.00	0.00	0.00	99.97	63.05
0x6	0x3	3	0	0.01	800	2095	0.37	5	0	0	0	89.01	0.00	0.00	0.00	99.99	0.96	99.03	29	0
0x6	0x3	23	0	0.04	800	2095	0.47	18	0	0	0	96.21	0.00	0.00	0.01	99.95	0.93
0x4	0x2	4	1	0.11	800	2095	0.33	11	0	0	0	98.39	0.00	0.00	0.01	99.90	2.48	97.41	32	0
0x4	0x2	24	0	0.01	801	2095	0.25	7	0	0	0	71.28	0.00	0.00	0.00	99.99	2.57
0x18	0xc	5	0	0.01	800	2095	0.46	6	0	0	0	96.10	0.00	0.00	0.00	99.99	0.19	99.80	32	0
0x18	0xc	25	0	0.01	800	2095	0.49	7	0	0	0	93.70	0.00	0.00	0.00	99.99	0.19
0x10	0x8	6	1	0.13	800	2095	0.37	8	0	0	0	98.75	0.00	0.00	0.00	99.89	3.25	96.62	30	0
0x10	0x8	26	0	0.01	801	2095	0.24	6	0	0	0	66.03	0.00	0.00	0.00	99.99	3.37
0x16	0xb	7	0	0.01	801	2095	0.35	5	0	0	0	85.85	0.00	0.00	0.00	99.99	1.41	98.58	33	0
0x16	0xb	27	0	0.06	800	2095	0.39	21	0	0	0	98.32	0.00	0.00	0.00	99.95	1.37
0x12	0x9	8	0	0.02	800	2095	0.44	8	0	0	0	96.86	0.00	0.00	0.00	99.98	0.53	99.44	32	0
0x12	0x9	28	0	0.01	800	2095	0.42	10	0	0	0	93.85	0.00	0.00	0.00	99.99	0.54
0x14	0xa	9	0	0.01	800	2095	0.44	6	0	0	0	95.77	0.00	0.00	0.00	99.99	0.23	99.76	34	0
0x14	0xa	29	0	0.01	800	2095	0.47	8	0	0	0	94.07	0.00	0.00	0.00	99.99	0.24
0x20	0x10	10	0	0.01	800	2095	0.42	7	0	0	0	95.89	0.00	0.00	0.00	99.99	0.21	99.78	32	0
0x20	0x10	30	0	0.01	800	2095	0.48	7	0	0	0	93.32	0.00	0.00	0.00	99.99	0.21
0x28	0x14	11	0	0.02	800	2095	0.47	22	0	0	0	96.18	0.00	0.00	0.00	99.98	0.38	99.61	33	0
0x28	0x14	31	0	0.01	800	2095	0.46	6	0	0	0	91.60	0.00	0.00	0.00	99.99	0.38
0x22	0x11	12	0	0.01	800	2095	0.48	5	0	0	0	95.23	0.00	0.00	0.00	99.99	0.16	99.83	31	0
0x22	0x11	32	0	0.01	800	2095	0.49	8	0	0	0	95.01	0.00	0.00	0.00	99.99	0.16
0x26	0x13	13	0	0.01	800	2095	0.46	8	0	0	0	95.02	0.00	0.00	0.00	99.99	0.27	99.72	32	0
0x26	0x13	33	0	0.01	800	2095	0.46	10	0	0	0	94.85	0.00	0.00	0.00	99.99	0.27
0x24	0x12	14	0	0.02	800	2095	0.39	5	0	0	0	97.51	0.00	0.00	0.00	99.98	0.38	99.60	29	0
0x24	0x12	34	0	0.01	800	2095	0.48	6	0	0	0	91.79	0.00	0.00	0.00	99.99	0.39
0x38	0x1c	15	0	0.01	800	2095	0.44	7	0	0	0	95.72	0.00	0.00	0.00	99.99	0.24	99.75	33	0
0x38	0x1c	35	0	0.01	800	2095	0.48	11	0	0	0	95.61	0.00	0.00	0.01	99.98	0.24
0x30	0x18	16	0	0.01	800	2095	0.44	6	0	0	0	96.08	0.00	0.00	0.00	99.99	0.20	99.79	34	0
0x30	0x18	36	0	0.01	800	2095	0.50	6	0	0	0	94.09	0.00	0.00	0.00	99.99	0.21
0x36	0x1b	17	2	0.24	800	2095	0.48	90	0	0	0	99.01	0.00	0.00	0.00	99.76	1.52	98.24	33	0
0x36	0x1b	37	0	0.01	801	2095	0.35	4	0	0	0	76.50	0.00	0.00	0.00	99.99	1.75
0x32	0x19	18	0	0.01	800	2095	0.43	9	0	0	0	95.78	0.00	0.00	0.00	99.99	0.39	99.60	31	0
0x32	0x19	38	0	0.02	800	2095	0.65	12	0	0	0	95.18	0.00	0.00	0.00	99.98	0.38
0x34	0x1a	19	1	0.10	805	2095	2.03	18	0	0	0	93.07	0.00	0.00	0.00	99.90	0.85	99.04	32	0
0x34	0x1a	39	1	0.12	817	2095	1.84	38	0	0	0	94.60	0.00	0.00	0.02	99.86	0.84
