
=== success-1 (0-1) ===
Gnuplot not found, using plotters backend
Benchmarking token_bucket/contention_success/split_atomics_locked/1
Benchmarking token_bucket/contention_success/split_atomics_locked/1: Warming up for 3.0000 s
Benchmarking token_bucket/contention_success/split_atomics_locked/1: Collecting 50 samples in estimated 2.0000 s (199M iterations)
Benchmarking token_bucket/contention_success/split_atomics_locked/1: Analyzing
token_bucket/contention_success/split_atomics_locked/1
                        time:   [10.023 ns 10.028 ns 10.037 ns]
Found 4 outliers among 50 measurements (8.00%)
  3 (6.00%) high mild
  1 (2.00%) high severe


=== success-2 (0-2) ===
Gnuplot not found, using plotters backend
Benchmarking token_bucket/contention_success/split_atomics_locked/2
Benchmarking token_bucket/contention_success/split_atomics_locked/2: Warming up for 3.0000 s
Benchmarking token_bucket/contention_success/split_atomics_locked/2: Collecting 50 samples in estimated 2.0000 s (11M iterations)
Benchmarking token_bucket/contention_success/split_atomics_locked/2: Analyzing
token_bucket/contention_success/split_atomics_locked/2
                        time:   [177.48 ns 180.10 ns 181.71 ns]
Found 9 outliers among 50 measurements (18.00%)
  3 (6.00%) low severe
  2 (4.00%) low mild
  3 (6.00%) high mild
  1 (2.00%) high severe


=== success-4 (0-4) ===
Gnuplot not found, using plotters backend
Benchmarking token_bucket/contention_success/split_atomics_locked/4
Benchmarking token_bucket/contention_success/split_atomics_locked/4: Warming up for 3.0000 s
Benchmarking token_bucket/contention_success/split_atomics_locked/4: Collecting 50 samples in estimated 2.0001 s (12M iterations)
Benchmarking token_bucket/contention_success/split_atomics_locked/4: Analyzing
token_bucket/contention_success/split_atomics_locked/4
                        time:   [186.10 ns 201.98 ns 218.13 ns]
Found 8 outliers among 50 measurements (16.00%)
  3 (6.00%) low mild
  5 (10.00%) high mild


=== success-8 (0-8) ===
Gnuplot not found, using plotters backend
Benchmarking token_bucket/contention_success/split_atomics_locked/8
Benchmarking token_bucket/contention_success/split_atomics_locked/8: Warming up for 3.0000 s
Benchmarking token_bucket/contention_success/split_atomics_locked/8: Collecting 50 samples in estimated 2.0002 s (4.1M iterations)
Benchmarking token_bucket/contention_success/split_atomics_locked/8: Analyzing
token_bucket/contention_success/split_atomics_locked/8
                        time:   [360.43 ns 413.94 ns 465.15 ns]


=== success-16 (0-16) ===
Gnuplot not found, using plotters backend
Benchmarking token_bucket/contention_success/split_atomics_locked/16
Benchmarking token_bucket/contention_success/split_atomics_locked/16: Warming up for 3.0000 s
Benchmarking token_bucket/contention_success/split_atomics_locked/16: Collecting 50 samples in estimated 2.0010 s (1.9M iterations)
Benchmarking token_bucket/contention_success/split_atomics_locked/16: Analyzing
token_bucket/contention_success/split_atomics_locked/16
                        time:   [752.81 ns 852.26 ns 949.57 ns]


=== rejection-1 (0-1) ===
Gnuplot not found, using plotters backend
Benchmarking token_bucket/contention_rejection/split_atomics_locked/1
Benchmarking token_bucket/contention_rejection/split_atomics_locked/1: Warming up for 3.0000 s
Benchmarking token_bucket/contention_rejection/split_atomics_locked/1: Collecting 50 samples in estimated 2.0000 s (191M iterations)
Benchmarking token_bucket/contention_rejection/split_atomics_locked/1: Analyzing
token_bucket/contention_rejection/split_atomics_locked/1
                        time:   [10.474 ns 10.482 ns 10.492 ns]
Found 6 outliers among 50 measurements (12.00%)
  2 (4.00%) high mild
  4 (8.00%) high severe


=== rejection-2 (0-2) ===
Gnuplot not found, using plotters backend
Benchmarking token_bucket/contention_rejection/split_atomics_locked/2
Benchmarking token_bucket/contention_rejection/split_atomics_locked/2: Warming up for 3.0000 s
Benchmarking token_bucket/contention_rejection/split_atomics_locked/2: Collecting 50 samples in estimated 2.0001 s (13M iterations)
Benchmarking token_bucket/contention_rejection/split_atomics_locked/2: Analyzing
token_bucket/contention_rejection/split_atomics_locked/2
                        time:   [143.30 ns 146.89 ns 150.34 ns]
Found 6 outliers among 50 measurements (12.00%)
  1 (2.00%) low severe
  3 (6.00%) low mild
  2 (4.00%) high mild


=== rejection-4 (0-4) ===
Gnuplot not found, using plotters backend
Benchmarking token_bucket/contention_rejection/split_atomics_locked/4
Benchmarking token_bucket/contention_rejection/split_atomics_locked/4: Warming up for 3.0000 s
Benchmarking token_bucket/contention_rejection/split_atomics_locked/4: Collecting 50 samples in estimated 2.0002 s (8.4M iterations)
Benchmarking token_bucket/contention_rejection/split_atomics_locked/4: Analyzing
token_bucket/contention_rejection/split_atomics_locked/4
                        time:   [249.83 ns 260.36 ns 270.67 ns]


=== rejection-8 (0-8) ===
Gnuplot not found, using plotters backend
Benchmarking token_bucket/contention_rejection/split_atomics_locked/8
Benchmarking token_bucket/contention_rejection/split_atomics_locked/8: Warming up for 3.0000 s
Benchmarking token_bucket/contention_rejection/split_atomics_locked/8: Collecting 50 samples in estimated 2.0004 s (3.7M iterations)
Benchmarking token_bucket/contention_rejection/split_atomics_locked/8: Analyzing
token_bucket/contention_rejection/split_atomics_locked/8
                        time:   [495.53 ns 519.25 ns 544.01 ns]
Found 1 outliers among 50 measurements (2.00%)
  1 (2.00%) high severe


=== rejection-16 (0-16) ===
Gnuplot not found, using plotters backend
Benchmarking token_bucket/contention_rejection/split_atomics_locked/16
Benchmarking token_bucket/contention_rejection/split_atomics_locked/16: Warming up for 3.0000 s
Benchmarking token_bucket/contention_rejection/split_atomics_locked/16: Collecting 50 samples in estimated 2.0001 s (1.8M iterations)
Benchmarking token_bucket/contention_rejection/split_atomics_locked/16: Analyzing
token_bucket/contention_rejection/split_atomics_locked/16
                        time:   [910.66 ns 1.0013 µs 1.0879 µs]
Found 1 outliers among 50 measurements (2.00%)
  1 (2.00%) high mild\n